Successfully read 910 TChannels from [1;36m/media/emile/GRINYER36/S2232_analysis/AnalysisTrees//analysis28344_000.root[m
Reading from file "[1;36m/media/emile/GRINYER36/S2232_analysis/AnalysisTrees//analysis28344_001.root[m": adding TRunInfo 
Successfully read 910 TChannels from [1;36m/media/emile/GRINYER36/S2232_analysis/AnalysisTrees//analysis28344_001.root[m
Reading from file "[1;36m/media/emile/GRINYER36/S2232_analysis/AnalysisTrees//analysis28344_002.root[m": adding TRunInfo 
Successfully read 910 TChannels from [1;36m/media/emile/GRINYER36/S2232_analysis/AnalysisTrees//analysis28344_002.root[m
Reading from file "[1;36m/media/emile/GRINYER36/S2232_analysis/AnalysisTrees//analysis28344_003.root[m": adding TRunInfo 
Successfully read 910 TChannels from [1;36m/media/emile/GRINYER36/S2232_analysis/AnalysisTrees//analysis28344_003.root[m
Reading from file "[1;36m/media/emile/GRINYER36/S2232_analysis/AnalysisTrees//analysis28344_004.root[m": adding TRunInfo 
Successfully read 910 TChannels from [1;36m/media/emile/GRINYER36/S2232_analysis/AnalysisTrees//analysis28344_004.root[m
Reading from file "[1;36m/media/emile/GRINYER36/S2232_analysis/AnalysisTrees//analysis28344_005.root[m": adding TRunInfo 
Successfully read 910 TChannels from [1;36m/media/emile/GRINYER36/S2232_analysis/AnalysisTrees//analysis28344_005.root[m
Reading from file "[1;36m/media/emile/GRINYER36/S2232_analysis/AnalysisTrees//analysis28344_006.root[m": adding TRunInfo 
Successfully read 910 TChannels from [1;36m/media/emile/GRINYER36/S2232_analysis/AnalysisTrees//analysis28344_006.root[m
Reading from file "[1;36m/media/emile/GRINYER36/S2232_analysis/AnalysisTrees//analysis28344_007.root[m": adding TRunInfo 
Successfully read 910 TChannels from [1;36m/media/emile/GRINYER36/S2232_analysis/AnalysisTrees//analysis28344_007.root[m
Reading from file "[1;36m/media/emile/GRINYER36/S2232_analysis/AnalysisTrees//analysis28344_008.root[m": adding TRunInfo 
Successfully read 910 TChannels from [1;36m/media/emile/GRINYER36/S2232_analysis/AnalysisTrees//analysis28344_008.root[m
Reading from file "[1;36m/media/emile/GRINYER36/S2232_analysis/AnalysisTrees//analysis28344_009.root[m": adding TRunInfo 
Successfully read 910 TChannels from [1;36m/media/emile/GRINYER36/S2232_analysis/AnalysisTrees//analysis28344_009.root[m
Reading from file "[1;36m/media/emile/GRINYER36/S2232_analysis/AnalysisTrees//analysis28344_010.root[m": adding TRunInfo 
Successfully read 910 TChannels from [1;36m/media/emile/GRINYER36/S2232_analysis/AnalysisTrees//analysis28344_010.root[m
Reading from file "[1;36m/media/emile/GRINYER36/S2232_analysis/AnalysisTrees//analysis28344_011.root[m": adding TRunInfo 
Successfully read 910 TChannels from [1;36m/media/emile/GRINYER36/S2232_analysis/AnalysisTrees//analysis28344_011.root[m
Reading from file "[1;36m/media/emile/GRINYER36/S2232_analysis/AnalysisTrees//analysis28344_012.root[m": adding TRunInfo 
Successfully read 910 TChannels from [1;36m/media/emile/GRINYER36/S2232_analysis/AnalysisTrees//analysis28344_012.root[m
Reading from file "[1;36m/media/emile/GRINYER36/S2232_analysis/AnalysisTrees//analysis28344_013.root[m": adding TRunInfo 
Successfully read 910 TChannels from [1;36m/media/emile/GRINYER36/S2232_analysis/AnalysisTrees//analysis28344_013.root[m
Reading from file "[1;36m/media/emile/GRINYER36/S2232_analysis/AnalysisTrees//analysis28344_014.root[m": adding TRunInfo 
Successfully read 910 TChannels from [1;36m/media/emile/GRINYER36/S2232_analysis/AnalysisTrees//analysis28344_014.root[m
Reading from file "[1;36m/media/emile/GRINYER36/S2232_analysis/AnalysisTrees//analysis28344_015.root[m": adding TRunInfo 
Successfully read 910 TChannels from [1;36m/media/emile/GRINYER36/S2232_analysis/AnalysisTrees//analysis28344_015.root[m
Reading from file "[1;36m/media/emile/GRINYER36/S2232_analysis/AnalysisTrees//analysis28344_016.root[m": adding TRunInfo 
Successfully read 910 TChannels from [1;36m/media/emile/GRINYER36/S2232_analysis/AnalysisTrees//analysis28344_016.root[m
Reading from file "[1;36m/media/emile/GRINYER36/S2232_analysis/AnalysisTrees//analysis28344_017.root[m": adding TRunInfo 
Successfully read 910 TChannels from [1;36m/media/emile/GRINYER36/S2232_analysis/AnalysisTrees//analysis28344_017.root[m
Reading from file "[1;36m/media/emile/GRINYER36/S2232_analysis/AnalysisTrees//analysis28344_018.root[m": adding TRunInfo 
Successfully read 910 TChannels from [1;36m/media/emile/GRINYER36/S2232_analysis/AnalysisTrees//analysis28344_018.root[m
Reading from file "[1;36m/media/emile/GRINYER36/S2232_analysis/AnalysisTrees//analysis28344_019.root[m": adding TRunInfo 
Successfully read 910 TChannels from [1;36m/media/emile/GRINYER36/S2232_analysis/AnalysisTrees//analysis28344_019.root[m
Reading from file "[1;36m/media/emile/GRINYER36/S2232_analysis/AnalysisTrees//analysis28344_020.root[m": adding TRunInfo 
Successfully read 910 TChannels from [1;36m/media/emile/GRINYER36/S2232_analysis/AnalysisTrees//analysis28344_020.root[m
Reading from file "[1;36m/media/emile/GRINYER36/S2232_analysis/AnalysisTrees//analysis28344_021.root[m": adding TRunInfo 
Successfully read 910 TChannels from [1;36m/media/emile/GRINYER36/S2232_analysis/AnalysisTrees//analysis28344_021.root[m
Reading from file "[1;36m/media/emile/GRINYER36/S2232_analysis/AnalysisTrees//analysis28344_022.root[m": adding TRunInfo 
Successfully read 910 TChannels from [1;36m/media/emile/GRINYER36/S2232_analysis/AnalysisTrees//analysis28344_022.root[m
Reading from file "[1;36m/media/emile/GRINYER36/S2232_analysis/AnalysisTrees//analysis28344_023.root[m": adding TRunInfo 
Successfully read 910 TChannels from [1;36m/media/emile/GRINYER36/S2232_analysis/AnalysisTrees//analysis28344_023.root[m
Reading from file "[1;36m/media/emile/GRINYER36/S2232_analysis/AnalysisTrees//analysis28344_024.root[m": adding TRunInfo 
Successfully read 910 TChannels from [1;36m/media/emile/GRINYER36/S2232_analysis/AnalysisTrees//analysis28344_024.root[m
Reading from file "[1;36m/media/emile/GRINYER36/S2232_analysis/AnalysisTrees//analysis28344_025.root[m": adding TRunInfo 
Successfully read 910 TChannels from [1;36m/media/emile/GRINYER36/S2232_analysis/AnalysisTrees//analysis28344_025.root[m
Reading from file "[1;36m/media/emile/GRINYER36/S2232_analysis/AnalysisTrees//analysis28344_026.root[m": adding TRunInfo 
Successfully read 910 TChannels from [1;36m/media/emile/GRINYER36/S2232_analysis/AnalysisTrees//analysis28344_026.root[m
Reading from file "[1;36m/media/emile/GRINYER36/S2232_analysis/AnalysisTrees//analysis28344_027.root[m": adding TRunInfo 
Successfully read 910 TChannels from [1;36m/media/emile/GRINYER36/S2232_analysis/AnalysisTrees//analysis28344_027.root[m
Reading from file "[1;36m/media/emile/GRINYER36/S2232_analysis/AnalysisTrees//analysis28344_028.root[m": adding TRunInfo 
Successfully read 910 TChannels from [1;36m/media/emile/GRINYER36/S2232_analysis/AnalysisTrees//analysis28344_028.root[m
Reading from file "[1;36m/media/emile/GRINYER36/S2232_analysis/AnalysisTrees//analysis28344_029.root[m": adding TRunInfo 
Successfully read 910 TChannels from [1;36m/media/emile/GRINYER36/S2232_analysis/AnalysisTrees//analysis28344_029.root[m
Reading from file "[1;36m/media/emile/GRINYER36/S2232_analysis/AnalysisTrees//analysis28344_030.root[m": adding TRunInfo 
Successfully read 910 TChannels from [1;36m/media/emile/GRINYER36/S2232_analysis/AnalysisTrees//analysis28344_030.root[m
Reading from file "[1;36m/media/emile/GRINYER36/S2232_analysis/AnalysisTrees//analysis28344_031.root[m": adding TRunInfo 
Successfully read 910 TChannels from [1;36m/media/emile/GRINYER36/S2232_analysis/AnalysisTrees//analysis28344_031.root[m
Reading from file "[1;36m/media/emile/GRINYER36/S2232_analysis/AnalysisTrees//analysis28344_032.root[m": adding TRunInfo 
Successfully read 910 TChannels from [1;36m/media/emile/GRINYER36/S2232_analysis/AnalysisTrees//analysis28344_032.root[m
Reading from file "[1;36m/media/emile/GRINYER36/S2232_analysis/AnalysisTrees//analysis28344_033.root[m": adding TRunInfo 
Successfully read 910 TChannels from [1;36m/media/emile/GRINYER36/S2232_analysis/AnalysisTrees//analysis28344_033.root[m
Reading from file "[1;36m/media/emile/GRINYER36/S2232_analysis/AnalysisTrees//analysis28344_034.root[m": adding TRunInfo 
Successfully read 910 TChannels from [1;36m/media/emile/GRINYER36/S2232_analysis/AnalysisTrees//analysis28344_034.root[m
Reading from file "[1;36m/media/emile/GRINYER36/S2232_analysis/AnalysisTrees//analysis28344_035.root[m": adding TRunInfo 
Successfully read 910 TChannels from [1;36m/media/emile/GRINYER36/S2232_analysis/AnalysisTrees//analysis28344_035.root[m
Reading from file "[1;36m/media/emile/GRINYER36/S2232_analysis/AnalysisTrees//analysis28344_036.root[m": adding TRunInfo 
Successfully read 910 TChannels from [1;36m/media/emile/GRINYER36/S2232_analysis/AnalysisTrees//analysis28344_036.root[m
Reading from file "[1;36m/media/emile/GRINYER36/S2232_analysis/AnalysisTrees//analysis28344_037.root[m": adding TRunInfo 
Successfully read 910 TChannels from [1;36m/media/emile/GRINYER36/S2232_analysis/AnalysisTrees//analysis28344_037.root[m
Reading from file "[1;36m/media/emile/GRINYER36/S2232_analysis/AnalysisTrees//analysis28344_038.root[m": adding TRunInfo 
Successfully read 910 TChannels from [1;36m/media/emile/GRINYER36/S2232_analysis/AnalysisTrees//analysis28344_038.root[m
Reading from file "[1;36m/media/emile/GRINYER36/S2232_analysis/AnalysisTrees//analysis28344_039.root[m": adding TRunInfo 
Successfully read 910 TChannels from [1;36m/media/emile/GRINYER36/S2232_analysis/AnalysisTrees//analysis28344_039.root[m
Reading from file "[1;36m/media/emile/GRINYER36/S2232_analysis/AnalysisTrees//analysis28344_040.root[m": adding TRunInfo 
Successfully read 910 TChannels from [1;36m/media/emile/GRINYER36/S2232_analysis/AnalysisTrees//analysis28344_040.root[m
Reading from file "[1;36m/media/emile/GRINYER36/S2232_analysis/AnalysisTrees//analysis28344_041.root[m": adding TRunInfo 
Successfully read 910 TChannels from [1;36m/media/emile/GRINYER36/S2232_analysis/AnalysisTrees//analysis28344_041.root[m
Reading from file "[1;36m/media/emile/GRINYER36/S2232_analysis/AnalysisTrees//analysis28344_042.root[m": adding TRunInfo 
Successfully read 910 TChannels from [1;36m/media/emile/GRINYER36/S2232_analysis/AnalysisTrees//analysis28344_042.root[m
Reading from file "[1;36m/media/emile/GRINYER36/S2232_analysis/AnalysisTrees//analysis28344_043.root[m": adding TRunInfo 
Successfully read 910 TChannels from [1;36m/media/emile/GRINYER36/S2232_analysis/AnalysisTrees//analysis28344_043.root[m
Reading from file "[1;36m/media/emile/GRINYER36/S2232_analysis/AnalysisTrees//analysis28344_044.root[m": adding TRunInfo 
Successfully read 910 TChannels from [1;36m/media/emile/GRINYER36/S2232_analysis/AnalysisTrees//analysis28344_044.root[m
Reading from file "[1;36m/media/emile/GRINYER36/S2232_analysis/AnalysisTrees//analysis28344_045.root[m": adding TRunInfo 
Successfully read 910 TChannels from [1;36m/media/emile/GRINYER36/S2232_analysis/AnalysisTrees//analysis28344_045.root[m
Reading from file "[1;36m/media/emile/GRINYER36/S2232_analysis/AnalysisTrees//analysis28344_046.root[m": adding TRunInfo 
Successfully read 910 TChannels from [1;36m/media/emile/GRINYER36/S2232_analysis/AnalysisTrees//analysis28344_046.root[m
Reading from file "[1;36m/media/emile/GRINYER36/S2232_analysis/AnalysisTrees//analysis28344_047.root[m": adding TRunInfo 
Successfully read 910 TChannels from [1;36m/media/emile/GRINYER36/S2232_analysis/AnalysisTrees//analysis28344_047.root[m
Reading from file "[1;36m/media/emile/GRINYER36/S2232_analysis/AnalysisTrees//analysis28344_048.root[m": adding TRunInfo 
Successfully read 910 TChannels from [1;36m/media/emile/GRINYER36/S2232_analysis/AnalysisTrees//analysis28344_048.root[m
Reading from file "[1;36m/media/emile/GRINYER36/S2232_analysis/AnalysisTrees//analysis28344_049.root[m": adding TRunInfo 
Successfully read 910 TChannels from [1;36m/media/emile/GRINYER36/S2232_analysis/AnalysisTrees//analysis28344_049.root[m
Reading from file "[1;36m/media/emile/GRINYER36/S2232_analysis/AnalysisTrees//analysis28344_050.root[m": adding TRunInfo 
Successfully read 910 TChannels from [1;36m/media/emile/GRINYER36/S2232_analysis/AnalysisTrees//analysis28344_050.root[m
Reading from file "[1;36m/media/emile/GRINYER36/S2232_analysis/AnalysisTrees//analysis28344_051.root[m": adding TRunInfo 
Successfully read 910 TChannels from [1;36m/media/emile/GRINYER36/S2232_analysis/AnalysisTrees//analysis28344_051.root[m
Reading from file "[1;36m/media/emile/GRINYER36/S2232_analysis/AnalysisTrees//analysis28344_052.root[m": adding TRunInfo 
Successfully read 910 TChannels from [1;36m/media/emile/GRINYER36/S2232_analysis/AnalysisTrees//analysis28344_052.root[m
Reading from file "[1;36m/media/emile/GRINYER36/S2232_analysis/AnalysisTrees//analysis28344_053.root[m": adding TRunInfo 
Successfully read 910 TChannels from [1;36m/media/emile/GRINYER36/S2232_analysis/AnalysisTrees//analysis28344_053.root[m
Reading from file "[1;36m/media/emile/GRINYER36/S2232_analysis/AnalysisTrees//analysis28344_054.root[m": adding TRunInfo 
Successfully read 910 TChannels from [1;36m/media/emile/GRINYER36/S2232_analysis/AnalysisTrees//analysis28344_054.root[m
Reading from file "[1;36m/media/emile/GRINYER36/S2232_analysis/AnalysisTrees//analysis28344_055.root[m": adding TRunInfo 
Successfully read 910 TChannels from [1;36m/media/emile/GRINYER36/S2232_analysis/AnalysisTrees//analysis28344_055.root[m
Reading from file "[1;36m/media/emile/GRINYER36/S2232_analysis/AnalysisTrees//analysis28344_056.root[m": adding TRunInfo 
Successfully read 910 TChannels from [1;36m/media/emile/GRINYER36/S2232_analysis/AnalysisTrees//analysis28344_056.root[m
Reading from file "[1;36m/media/emile/GRINYER36/S2232_analysis/AnalysisTrees//analysis28344_057.root[m": adding TRunInfo 
Successfully read 910 TChannels from [1;36m/media/emile/GRINYER36/S2232_analysis/AnalysisTrees//analysis28344_057.root[m
Reading from file "[1;36m/media/emile/GRINYER36/S2232_analysis/AnalysisTrees//analysis28344_058.root[m": adding TRunInfo 
Successfully read 910 TChannels from [1;36m/media/emile/GRINYER36/S2232_analysis/AnalysisTrees//analysis28344_058.root[m
Reading from file "[1;36m/media/emile/GRINYER36/S2232_analysis/AnalysisTrees//analysis28344_059.root[m": adding TRunInfo 
Successfully read 910 TChannels from [1;36m/media/emile/GRINYER36/S2232_analysis/AnalysisTrees//analysis28344_059.root[m
Reading from file "[1;36m/media/emile/GRINYER36/S2232_analysis/AnalysisTrees//analysis28344_060.root[m": adding TRunInfo 
Successfully read 910 TChannels from [1;36m/media/emile/GRINYER36/S2232_analysis/AnalysisTrees//analysis28344_060.root[m
Reading from file "[1;36m/media/emile/GRINYER36/S2232_analysis/AnalysisTrees//analysis28344_061.root[m": adding TRunInfo 
Successfully read 910 TChannels from [1;36m/media/emile/GRINYER36/S2232_analysis/AnalysisTrees//analysis28344_061.root[m
Reading from file "[1;36m/media/emile/GRINYER36/S2232_analysis/AnalysisTrees//analysis28344_062.root[m": adding TRunInfo 
Successfully read 910 TChannels from [1;36m/media/emile/GRINYER36/S2232_analysis/AnalysisTrees//analysis28344_062.root[m
Reading from file "[1;36m/media/emile/GRINYER36/S2232_analysis/AnalysisTrees//analysis28344_063.root[m": adding TRunInfo 
Successfully read 910 TChannels from [1;36m/media/emile/GRINYER36/S2232_analysis/AnalysisTrees//analysis28344_063.root[m
Reading from file "[1;36m/media/emile/GRINYER36/S2232_analysis/AnalysisTrees//analysis28344_064.root[m": adding TRunInfo 
Successfully read 910 TChannels from [1;36m/media/emile/GRINYER36/S2232_analysis/AnalysisTrees//analysis28344_064.root[m
Reading from file "[1;36m/media/emile/GRINYER36/S2232_analysis/AnalysisTrees//analysis28344_065.root[m": adding TRunInfo 
Successfully read 910 TChannels from [1;36m/media/emile/GRINYER36/S2232_analysis/AnalysisTrees//analysis28344_065.root[m
Reading from file "[1;36m/media/emile/GRINYER36/S2232_analysis/AnalysisTrees//analysis28344_066.root[m": adding TRunInfo 
Successfully read 910 TChannels from [1;36m/media/emile/GRINYER36/S2232_analysis/AnalysisTrees//analysis28344_066.root[m
Reading from file "[1;36m/media/emile/GRINYER36/S2232_analysis/AnalysisTrees//analysis28344_067.root[m": adding TRunInfo 
Successfully read 910 TChannels from [1;36m/media/emile/GRINYER36/S2232_analysis/AnalysisTrees//analysis28344_067.root[m
Reading from file "[1;36m/media/emile/GRINYER36/S2232_analysis/AnalysisTrees//analysis28344_068.root[m": adding TRunInfo 
Successfully read 910 TChannels from [1;36m/media/emile/GRINYER36/S2232_analysis/AnalysisTrees//analysis28344_068.root[m
Reading from file "[1;36m/media/emile/GRINYER36/S2232_analysis/AnalysisTrees//analysis28344_069.root[m": adding TRunInfo 
Successfully read 910 TChannels from [1;36m/media/emile/GRINYER36/S2232_analysis/AnalysisTrees//analysis28344_069.root[m
Reading from file "[1;36m/media/emile/GRINYER36/S2232_analysis/AnalysisTrees//analysis28344_070.root[m": adding TRunInfo 
Successfully read 910 TChannels from [1;36m/media/emile/GRINYER36/S2232_analysis/AnalysisTrees//analysis28344_070.root[m
Reading from file "[1;36m/media/emile/GRINYER36/S2232_analysis/AnalysisTrees//analysis28344_071.root[m": adding TRunInfo 
Successfully read 910 TChannels from [1;36m/media/emile/GRINYER36/S2232_analysis/AnalysisTrees//analysis28344_071.root[m
Reading from file "[1;36m/media/emile/GRINYER36/S2232_analysis/AnalysisTrees//analysis28344_072.root[m": adding TRunInfo 
Successfully read 910 TChannels from [1;36m/media/emile/GRINYER36/S2232_analysis/AnalysisTrees//analysis28344_072.root[m
Reading from file "[1;36m/media/emile/GRINYER36/S2232_analysis/AnalysisTrees//analysis28344_073.root[m": adding TRunInfo 
Successfully read 910 TChannels from [1;36m/media/emile/GRINYER36/S2232_analysis/AnalysisTrees//analysis28344_073.root[m
Reading from file "[1;36m/media/emile/GRINYER36/S2232_analysis/AnalysisTrees//analysis28344_074.root[m": adding TRunInfo 
Successfully read 910 TChannels from [1;36m/media/emile/GRINYER36/S2232_analysis/AnalysisTrees//analysis28344_074.root[m
Reading from file "[1;36m/media/emile/GRINYER36/S2232_analysis/AnalysisTrees//analysis28344_075.root[m": adding TRunInfo 
Successfully read 910 TChannels from [1;36m/media/emile/GRINYER36/S2232_analysis/AnalysisTrees//analysis28344_075.root[m
Reading from file "[1;36m/media/emile/GRINYER36/S2232_analysis/AnalysisTrees//analysis28344_076.root[m": adding TRunInfo 
Successfully read 910 TChannels from [1;36m/media/emile/GRINYER36/S2232_analysis/AnalysisTrees//analysis28344_076.root[m
Reading from file "[1;36m/media/emile/GRINYER36/S2232_analysis/AnalysisTrees//analysis28344_077.root[m": adding TRunInfo 
Successfully read 910 TChannels from [1;36m/media/emile/GRINYER36/S2232_analysis/AnalysisTrees//analysis28344_077.root[m
Reading from file "[1;36m/media/emile/GRINYER36/S2232_analysis/AnalysisTrees//analysis28344_078.root[m": adding TRunInfo 
Successfully read 910 TChannels from [1;36m/media/emile/GRINYER36/S2232_analysis/AnalysisTrees//analysis28344_078.root[m
Reading from file "[1;36m/media/emile/GRINYER36/S2232_analysis/AnalysisTrees//analysis28344_079.root[m": adding TRunInfo 
Successfully read 910 TChannels from [1;36m/media/emile/GRINYER36/S2232_analysis/AnalysisTrees//analysis28344_079.root[m
Reading from file "[1;36m/media/emile/GRINYER36/S2232_analysis/AnalysisTrees//analysis28344_080.root[m": adding TRunInfo 
Successfully read 910 TChannels from [1;36m/media/emile/GRINYER36/S2232_analysis/AnalysisTrees//analysis28344_080.root[m
Reading from file "[1;36m/media/emile/GRINYER36/S2232_analysis/AnalysisTrees//analysis28344_081.root[m": adding TRunInfo 
Successfully read 910 TChannels from [1;36m/media/emile/GRINYER36/S2232_analysis/AnalysisTrees//analysis28344_081.root[m
Reading from file "[1;36m/media/emile/GRINYER36/S2232_analysis/AnalysisTrees//analysis28344_082.root[m": adding TRunInfo 
Successfully read 910 TChannels from [1;36m/media/emile/GRINYER36/S2232_analysis/AnalysisTrees//analysis28344_082.root[m
Reading from file "[1;36m/media/emile/GRINYER36/S2232_analysis/AnalysisTrees//analysis28344_083.root[m": adding TRunInfo 
Successfully read 910 TChannels from [1;36m/media/emile/GRINYER36/S2232_analysis/AnalysisTrees//analysis28344_083.root[m
Reading from file "[1;36m/media/emile/GRINYER36/S2232_analysis/AnalysisTrees//analysis28344_084.root[m": adding TRunInfo 
Successfully read 910 TChannels from [1;36m/media/emile/GRINYER36/S2232_analysis/AnalysisTrees//analysis28344_084.root[m
Reading from file "[1;36m/media/emile/GRINYER36/S2232_analysis/AnalysisTrees//analysis28344_085.root[m": adding TRunInfo 
Successfully read 910 TChannels from [1;36m/media/emile/GRINYER36/S2232_analysis/AnalysisTrees//analysis28344_085.root[m
Reading from file "[1;36m/media/emile/GRINYER36/S2232_analysis/AnalysisTrees//analysis28344_086.root[m": adding TRunInfo 
Successfully read 910 TChannels from [1;36m/media/emile/GRINYER36/S2232_analysis/AnalysisTrees//analysis28344_086.root[m
Reading from file "[1;36m/media/emile/GRINYER36/S2232_analysis/AnalysisTrees//analysis28344_087.root[m": adding TRunInfo 
Successfully read 910 TChannels from [1;36m/media/emile/GRINYER36/S2232_analysis/AnalysisTrees//analysis28344_087.root[m
Reading from file "[1;36m/media/emile/GRINYER36/S2232_analysis/AnalysisTrees//analysis28344_088.root[m": adding TRunInfo 
Successfully read 910 TChannels from [1;36m/media/emile/GRINYER36/S2232_analysis/AnalysisTrees//analysis28344_088.root[m
Reading from file "[1;36m/media/emile/GRINYER36/S2232_analysis/AnalysisTrees//analysis28344_089.root[m": adding TRunInfo 
Successfully read 910 TChannels from [1;36m/media/emile/GRINYER36/S2232_analysis/AnalysisTrees//analysis28344_089.root[m
Reading from file "[1;36m/media/emile/GRINYER36/S2232_analysis/AnalysisTrees//analysis28344_090.root[m": adding TRunInfo 
Successfully read 910 TChannels from [1;36m/media/emile/GRINYER36/S2232_analysis/AnalysisTrees//analysis28344_090.root[m
Reading from file "[1;36m/media/emile/GRINYER36/S2232_analysis/AnalysisTrees//analysis28344_091.root[m": adding TRunInfo 
Successfully read 910 TChannels from [1;36m/media/emile/GRINYER36/S2232_analysis/AnalysisTrees//analysis28344_091.root[m
Reading from file "[1;36m/media/emile/GRINYER36/S2232_analysis/AnalysisTrees//analysis28344_092.root[m": adding TRunInfo 
Successfully read 910 TChannels from [1;36m/media/emile/GRINYER36/S2232_analysis/AnalysisTrees//analysis28344_092.root[m
Reading from file "[1;36m/media/emile/GRINYER36/S2232_analysis/AnalysisTrees//analysis28344_093.root[m": adding TRunInfo 
Successfully read 910 TChannels from [1;36m/media/emile/GRINYER36/S2232_analysis/AnalysisTrees//analysis28344_093.root[m
Reading from file "[1;36m/media/emile/GRINYER36/S2232_analysis/AnalysisTrees//analysis28344_094.root[m": adding TRunInfo 
Successfully read 910 TChannels from [1;36m/media/emile/GRINYER36/S2232_analysis/AnalysisTrees//analysis28344_094.root[m
Reading from file "[1;36m/media/emile/GRINYER36/S2232_analysis/AnalysisTrees//analysis28344_095.root[m": adding TRunInfo 
Successfully read 910 TChannels from [1;36m/media/emile/GRINYER36/S2232_analysis/AnalysisTrees//analysis28344_095.root[m
Reading from file "[1;36m/media/emile/GRINYER36/S2232_analysis/AnalysisTrees//analysis28344_096.root[m": adding TRunInfo 
Successfully read 910 TChannels from [1;36m/media/emile/GRINYER36/S2232_analysis/AnalysisTrees//analysis28344_096.root[m
Reading from file "[1;36m/media/emile/GRINYER36/S2232_analysis/AnalysisTrees//analysis28344_097.root[m": adding TRunInfo 
Successfully read 910 TChannels from [1;36m/media/emile/GRINYER36/S2232_analysis/AnalysisTrees//analysis28344_097.root[m
Reading from file "[1;36m/media/emile/GRINYER36/S2232_analysis/AnalysisTrees//analysis28344_098.root[m": adding TRunInfo 
Successfully read 910 TChannels from [1;36m/media/emile/GRINYER36/S2232_analysis/AnalysisTrees//analysis28344_098.root[m
Reading from file "[1;36m/media/emile/GRINYER36/S2232_analysis/AnalysisTrees//analysis28344_099.root[m": adding TRunInfo 
Successfully read 910 TChannels from [1;36m/media/emile/GRINYER36/S2232_analysis/AnalysisTrees//analysis28344_099.root[m
Reading from file "[1;36m/media/emile/GRINYER36/S2232_analysis/AnalysisTrees//analysis28344_100.root[m": adding TRunInfo 
Successfully read 910 TChannels from [1;36m/media/emile/GRINYER36/S2232_analysis/AnalysisTrees//analysis28344_100.root[m
Reading from file "[1;36m/media/emile/GRINYER36/S2232_analysis/AnalysisTrees//analysis28344_101.root[m": adding TRunInfo 
Successfully read 910 TChannels from [1;36m/media/emile/GRINYER36/S2232_analysis/AnalysisTrees//analysis28344_101.root[m
Reading from file "[1;36m/media/emile/GRINYER36/S2232_analysis/AnalysisTrees//analysis28344_102.root[m": adding TRunInfo 
Successfully read 910 TChannels from [1;36m/media/emile/GRINYER36/S2232_analysis/AnalysisTrees//analysis28344_102.root[m
Reading from file "[1;36m/media/emile/GRINYER36/S2232_analysis/AnalysisTrees//analysis28344_103.root[m": adding TRunInfo 
Successfully read 910 TChannels from [1;36m/media/emile/GRINYER36/S2232_analysis/AnalysisTrees//analysis28344_103.root[m
Reading from file "[1;36m/media/emile/GRINYER36/S2232_analysis/AnalysisTrees//analysis28344_104.root[m": adding TRunInfo 
Successfully read 910 TChannels from [1;36m/media/emile/GRINYER36/S2232_analysis/AnalysisTrees//analysis28344_104.root[m
Reading from file "[1;36m/media/emile/GRINYER36/S2232_analysis/AnalysisTrees//analysis28344_105.root[m": adding TRunInfo 
Successfully read 910 TChannels from [1;36m/media/emile/GRINYER36/S2232_analysis/AnalysisTrees//analysis28344_105.root[m
Reading from file "[1;36m/media/emile/GRINYER36/S2232_analysis/AnalysisTrees//analysis28344_106.root[m": adding TRunInfo 
Successfully read 910 TChannels from [1;36m/media/emile/GRINYER36/S2232_analysis/AnalysisTrees//analysis28344_106.root[m
Reading from file "[1;36m/media/emile/GRINYER36/S2232_analysis/AnalysisTrees//analysis28344_107.root[m": adding TRunInfo 
Successfully read 910 TChannels from [1;36m/media/emile/GRINYER36/S2232_analysis/AnalysisTrees//analysis28344_107.root[m
Reading from file "[1;36m/media/emile/GRINYER36/S2232_analysis/AnalysisTrees//analysis28344_108.root[m": adding TRunInfo 
Successfully read 910 TChannels from [1;36m/media/emile/GRINYER36/S2232_analysis/AnalysisTrees//analysis28344_108.root[m
Reading from file "[1;36m/media/emile/GRINYER36/S2232_analysis/AnalysisTrees//analysis28344_109.root[m": adding TRunInfo 
Successfully read 910 TChannels from [1;36m/media/emile/GRINYER36/S2232_analysis/AnalysisTrees//analysis28344_109.root[m
Reading from file "[1;36m/media/emile/GRINYER36/S2232_analysis/AnalysisTrees//analysis28344_110.root[m": adding TRunInfo 
Successfully read 910 TChannels from [1;36m/media/emile/GRINYER36/S2232_analysis/AnalysisTrees//analysis28344_110.root[m
Reading from file "[1;36m/media/emile/GRINYER36/S2232_analysis/AnalysisTrees//analysis28344_111.root[m": adding TRunInfo 
Successfully read 910 TChannels from [1;36m/media/emile/GRINYER36/S2232_analysis/AnalysisTrees//analysis28344_111.root[m
Reading from file "[1;36m/media/emile/GRINYER36/S2232_analysis/AnalysisTrees//analysis28344_112.root[m": adding TRunInfo 
Successfully read 910 TChannels from [1;36m/media/emile/GRINYER36/S2232_analysis/AnalysisTrees//analysis28344_112.root[m
Reading from file "[1;36m/media/emile/GRINYER36/S2232_analysis/AnalysisTrees//analysis28344_113.root[m": adding TRunInfo 
Successfully read 910 TChannels from [1;36m/media/emile/GRINYER36/S2232_analysis/AnalysisTrees//analysis28344_113.root[m
Reading from file "[1;36m/media/emile/GRINYER36/S2232_analysis/AnalysisTrees//analysis28344_114.root[m": adding TRunInfo 
Successfully read 910 TChannels from [1;36m/media/emile/GRINYER36/S2232_analysis/AnalysisTrees//analysis28344_114.root[m
Reading from file "[1;36m/media/emile/GRINYER36/S2232_analysis/AnalysisTrees//analysis28344_115.root[m": adding TRunInfo 
Successfully read 910 TChannels from [1;36m/media/emile/GRINYER36/S2232_analysis/AnalysisTrees//analysis28344_115.root[m
Reading from file "[1;36m/media/emile/GRINYER36/S2232_analysis/AnalysisTrees//analysis28344_116.root[m": adding TRunInfo 
Successfully read 910 TChannels from [1;36m/media/emile/GRINYER36/S2232_analysis/AnalysisTrees//analysis28344_116.root[m
Reading from file "[1;36m/media/emile/GRINYER36/S2232_analysis/AnalysisTrees//analysis28344_117.root[m": adding TRunInfo 
Successfully read 910 TChannels from [1;36m/media/emile/GRINYER36/S2232_analysis/AnalysisTrees//analysis28344_117.root[m
Reading from file "[1;36m/media/emile/GRINYER36/S2232_analysis/AnalysisTrees//analysis28344_118.root[m": adding TRunInfo 
Successfully read 910 TChannels from [1;36m/media/emile/GRINYER36/S2232_analysis/AnalysisTrees//analysis28344_118.root[m
Reading from file "[1;36m/media/emile/GRINYER36/S2232_analysis/AnalysisTrees//analysis28344_119.root[m": adding TRunInfo 
Successfully read 910 TChannels from [1;36m/media/emile/GRINYER36/S2232_analysis/AnalysisTrees//analysis28344_119.root[m
Reading from file "[1;36m/media/emile/GRINYER36/S2232_analysis/AnalysisTrees//analysis28344_120.root[m": adding TRunInfo 
Successfully read 910 TChannels from [1;36m/media/emile/GRINYER36/S2232_analysis/AnalysisTrees//analysis28344_120.root[m
Reading from file "[1;36m/media/emile/GRINYER36/S2232_analysis/AnalysisTrees//analysis28344_121.root[m": adding TRunInfo 
Successfully read 910 TChannels from [1;36m/media/emile/GRINYER36/S2232_analysis/AnalysisTrees//analysis28344_121.root[m
Reading from file "[1;36m/media/emile/GRINYER36/S2232_analysis/AnalysisTrees//analysis28344_122.root[m": adding TRunInfo 
Successfully read 910 TChannels from [1;36m/media/emile/GRINYER36/S2232_analysis/AnalysisTrees//analysis28344_122.root[m
Reading from file "[1;36m/media/emile/GRINYER36/S2232_analysis/AnalysisTrees//analysis28344_123.root[m": adding TRunInfo 
Successfully read 910 TChannels from [1;36m/media/emile/GRINYER36/S2232_analysis/AnalysisTrees//analysis28344_123.root[m
Reading from file "[1;36m/media/emile/GRINYER36/S2232_analysis/AnalysisTrees//analysis28344_124.root[m": adding TRunInfo 
Successfully read 910 TChannels from [1;36m/media/emile/GRINYER36/S2232_analysis/AnalysisTrees//analysis28344_124.root[m
Reading from file "[1;36m/media/emile/GRINYER36/S2232_analysis/AnalysisTrees//analysis28344_125.root[m": adding TRunInfo 
Successfully read 910 TChannels from [1;36m/media/emile/GRINYER36/S2232_analysis/AnalysisTrees//analysis28344_125.root[m
Reading from file "[1;36m/media/emile/GRINYER36/S2232_analysis/AnalysisTrees//analysis28344_126.root[m": adding TRunInfo 
Successfully read 910 TChannels from [1;36m/media/emile/GRINYER36/S2232_analysis/AnalysisTrees//analysis28344_126.root[m
Reading from file "[1;36m/media/emile/GRINYER36/S2232_analysis/AnalysisTrees//analysis28344_127.root[m": adding TRunInfo 
Successfully read 910 TChannels from [1;36m/media/emile/GRINYER36/S2232_analysis/AnalysisTrees//analysis28344_127.root[m
Reading from file "[1;36m/media/emile/GRINYER36/S2232_analysis/AnalysisTrees//analysis28344_128.root[m": adding TRunInfo 
Successfully read 910 TChannels from [1;36m/media/emile/GRINYER36/S2232_analysis/AnalysisTrees//analysis28344_128.root[m
Reading from file "[1;36m/media/emile/GRINYER36/S2232_analysis/AnalysisTrees//analysis28344_129.root[m": adding TRunInfo 
Successfully read 910 TChannels from [1;36m/media/emile/GRINYER36/S2232_analysis/AnalysisTrees//analysis28344_129.root[m
Reading from file "[1;36m/media/emile/GRINYER36/S2232_analysis/AnalysisTrees//analysis28344_130.root[m": adding TRunInfo 
Successfully read 910 TChannels from [1;36m/media/emile/GRINYER36/S2232_analysis/AnalysisTrees//analysis28344_130.root[m
Reading from file "[1;36m/media/emile/GRINYER36/S2232_analysis/AnalysisTrees//analysis28344_131.root[m": adding TRunInfo 
Successfully read 910 TChannels from [1;36m/media/emile/GRINYER36/S2232_analysis/AnalysisTrees//analysis28344_131.root[m
Reading from file "[1;36m/media/emile/GRINYER36/S2232_analysis/AnalysisTrees//analysis28344_132.root[m": adding TRunInfo 
Successfully read 910 TChannels from [1;36m/media/emile/GRINYER36/S2232_analysis/AnalysisTrees//analysis28344_132.root[m
Reading from file "[1;36m/media/emile/GRINYER36/S2232_analysis/AnalysisTrees//analysis28344_133.root[m": adding TRunInfo 
Successfully read 910 TChannels from [1;36m/media/emile/GRINYER36/S2232_analysis/AnalysisTrees//analysis28344_133.root[m
Reading from file "[1;36m/media/emile/GRINYER36/S2232_analysis/AnalysisTrees//analysis28344_134.root[m": adding TRunInfo 
Successfully read 910 TChannels from [1;36m/media/emile/GRINYER36/S2232_analysis/AnalysisTrees//analysis28344_134.root[m
Reading from file "[1;36m/media/emile/GRINYER36/S2232_analysis/AnalysisTrees//analysis28344_135.root[m": adding TRunInfo 
Successfully read 910 TChannels from [1;36m/media/emile/GRINYER36/S2232_analysis/AnalysisTrees//analysis28344_135.root[m
Reading from file "[1;36m/media/emile/GRINYER36/S2232_analysis/AnalysisTrees//analysis28344_136.root[m": adding TRunInfo 
Successfully read 910 TChannels from [1;36m/media/emile/GRINYER36/S2232_analysis/AnalysisTrees//analysis28344_136.root[m
Reading from file "[1;36m/media/emile/GRINYER36/S2232_analysis/AnalysisTrees//analysis28344_137.root[m": adding TRunInfo 
Successfully read 910 TChannels from [1;36m/media/emile/GRINYER36/S2232_analysis/AnalysisTrees//analysis28344_137.root[m
Reading from file "[1;36m/media/emile/GRINYER36/S2232_analysis/AnalysisTrees//analysis28344_138.root[m": adding TRunInfo 
Successfully read 910 TChannels from [1;36m/media/emile/GRINYER36/S2232_analysis/AnalysisTrees//analysis28344_138.root[m
Reading from file "[1;36m/media/emile/GRINYER36/S2232_analysis/AnalysisTrees//analysis28344_139.root[m": adding TRunInfo 
Successfully read 910 TChannels from [1;36m/media/emile/GRINYER36/S2232_analysis/AnalysisTrees//analysis28344_139.root[m
Reading from file "[1;36m/media/emile/GRINYER36/S2232_analysis/AnalysisTrees//analysis28344_140.root[m": adding TRunInfo 
Successfully read 910 TChannels from [1;36m/media/emile/GRINYER36/S2232_analysis/AnalysisTrees//analysis28344_140.root[m
Reading from file "[1;36m/media/emile/GRINYER36/S2232_analysis/AnalysisTrees//analysis28344_141.root[m": adding TRunInfo 
Successfully read 910 TChannels from [1;36m/media/emile/GRINYER36/S2232_analysis/AnalysisTrees//analysis28344_141.root[m
Reading from file "[1;36m/media/emile/GRINYER36/S2232_analysis/AnalysisTrees//analysis28344_142.root[m": adding TRunInfo 
Successfully read 910 TChannels from [1;36m/media/emile/GRINYER36/S2232_analysis/AnalysisTrees//analysis28344_142.root[m
Looped over 143/143 files and got:
Singleton 0x5dd96bc7a2d0 was read from /media/emile/GRINYER36/S2232_analysis/AnalysisTrees//analysis28344_142.root
Title: 21Mg (21Mg_short =5s on, 10s off)
Comment: 21Mg (21Mg_short =5s on, 10s off)
		RunNumber:          28344
		SubRunNumbers:      000-142
		RunStart:           Sun Jul 14 13:47:27 2024
		RunStop:            Sun Jul 14 14:47:27 2024
		RunLength:          3583 s
ODB cycle: 15 s
Code   Duration
0xc001 5000000
0xc004 10000000
[0;36m----------  starting compilation of user code  ----------[m
