Successfully read 910 TChannels from [1;36m/home/emile/postdoc/data/s2232/sorted/analysis/analysis28266_000.root[m
Reading from file "[1;36m/home/emile/postdoc/data/s2232/sorted/analysis/analysis28266_001.root[m": adding TRunInfo 
Successfully read 910 TChannels from [1;36m/home/emile/postdoc/data/s2232/sorted/analysis/analysis28266_001.root[m
Reading from file "[1;36m/home/emile/postdoc/data/s2232/sorted/analysis/analysis28266_002.root[m": adding TRunInfo 
Successfully read 910 TChannels from [1;36m/home/emile/postdoc/data/s2232/sorted/analysis/analysis28266_002.root[m
Reading from file "[1;36m/home/emile/postdoc/data/s2232/sorted/analysis/analysis28266_003.root[m": adding TRunInfo 
Successfully read 910 TChannels from [1;36m/home/emile/postdoc/data/s2232/sorted/analysis/analysis28266_003.root[m
Reading from file "[1;36m/home/emile/postdoc/data/s2232/sorted/analysis/analysis28266_004.root[m": adding TRunInfo 
Successfully read 910 TChannels from [1;36m/home/emile/postdoc/data/s2232/sorted/analysis/analysis28266_004.root[m
Reading from file "[1;36m/home/emile/postdoc/data/s2232/sorted/analysis/analysis28266_005.root[m": adding TRunInfo 
Successfully read 910 TChannels from [1;36m/home/emile/postdoc/data/s2232/sorted/analysis/analysis28266_005.root[m
Looped over 6/6 files and got:
Singleton 0x651a6e21abd0 was read from /home/emile/postdoc/data/s2232/sorted/analysis/analysis28266_005.root
Title: 20Mg short cycles_B_1245.81
Comment: 1 s beam on, 5 s beam off
		RunNumber:          28266
		SubRunNumbers:      000-005
		RunStart:           Thu Jul 11 21:21:04 2024
		RunStop:            Thu Jul 11 22:22:14 2024
		RunLength:          3670 s
ODB cycle: 6 s
Code   Duration
0xc001 1000000
0xc004 5000000
[0;36m----------  starting compilation of user code  ----------[m
[0;36m----------  starting linking user code  -----------------[m
[0;36m----------  done compiling user code  -------------------[m
	Using library /home/emile/postdoc/analysis/s2232/helper/rcmp/RCMPHelper.so
No g-values!
Writing to RCMP28266_000-005.root
Writing PPG with 1223 events and 2 ODB settings
Writing TAnalysisOptions to RCMP28266_000-005.root
  910 TChannels saved to RCMP28266_000-005.root
Closed 'RCMP28266_000-005.root'

Done after 0:00:20.772 h:m:s
