Successfully read 910 TChannels from [1;36m/home/emile/postdoc/data/s2232/sorted/analysis/analysis28214_000.root[m
Reading from file "[1;36m/home/emile/postdoc/data/s2232/sorted/analysis/analysis28214_001.root[m": adding TRunInfo 
Successfully read 910 TChannels from [1;36m/home/emile/postdoc/data/s2232/sorted/analysis/analysis28214_001.root[m
Reading from file "[1;36m/home/emile/postdoc/data/s2232/sorted/analysis/analysis28214_002.root[m": adding TRunInfo 
Successfully read 910 TChannels from [1;36m/home/emile/postdoc/data/s2232/sorted/analysis/analysis28214_002.root[m
Reading from file "[1;36m/home/emile/postdoc/data/s2232/sorted/analysis/analysis28214_003.root[m": adding TRunInfo 
Successfully read 910 TChannels from [1;36m/home/emile/postdoc/data/s2232/sorted/analysis/analysis28214_003.root[m
Reading from file "[1;36m/home/emile/postdoc/data/s2232/sorted/analysis/analysis28214_004.root[m": 
Reading from file "[1;36m/home/emile/postdoc/data/s2232/sorted/analysis/analysis28214_005.root[m": adding TRunInfo 
Successfully read 910 TChannels from [1;36m/home/emile/postdoc/data/s2232/sorted/analysis/analysis28214_005.root[m
Reading from file "[1;36m/home/emile/postdoc/data/s2232/sorted/analysis/analysis28214_006.root[m": adding TRunInfo 
Successfully read 910 TChannels from [1;36m/home/emile/postdoc/data/s2232/sorted/analysis/analysis28214_006.root[m
Looped over 7/7 files and got:
Singleton 0x5ad3ff243ce0 was read from /home/emile/postdoc/data/s2232/sorted/analysis/analysis28214_006.root
Title: RCMP Signal testing - triple alpha - All
Comment: RCMP signal checking - triple alpha
		RunNumber:          28214
		SubRunNumbers:      0-1-0-1
		Combined RunLength: 24443 s
ODB cycle: 0 s
Code   Duration
0xc0f0 -1
0x0000 0
0x0000 0
0x0000 0
[0;36m----------  starting compilation of user code  ----------[m
[0;36m----------  starting linking user code  -----------------[m
[0;36m----------  done compiling user code  -------------------[m
	Using library /home/emile/postdoc/analysis/s2232/helper/rcmp/RCMPHelper.so
No g-values!
Writing to RCMP28214_-01--01.root
Writing PPG with 6 events and 4 ODB settings
Writing TAnalysisOptions to RCMP28214_-01--01.root
  910 TChannels saved to RCMP28214_-01--01.root
Closed 'RCMP28214_-01--01.root'

Done after 0:01:53.728 h:m:s
