Successfully read 910 TChannels from [1;36m/home/emile/postdoc/data/s2232/sorted/analysis/analysis28226_000.root[m
Looped over 1/1 files and got:
Singleton 0x61759e3be9b0 was read from /home/emile/postdoc/data/s2232/sorted/analysis/analysis28226_000.root
Title: RCMP_GRIFFIN_Calibration_Triple_Alpha_Source-R00968
Comment: RCMP_GRIFFIN_Calibration_Triple_Alpha_Source-R00968
		RunNumber:          28226
		SubRunNumber:       006
		RunStart:           Mon Jul  8 23:02:54 2024
		RunStop:            Mon Jul  8 23:54:50 2024
		RunLength:          3116 s
ODB cycle: 0 s
Code   Duration
0xc0f0 -1
0x0000 0
0x0000 0
0x0000 0
[0;36mshared library /home/emile/postdoc/analysis/s2232/helper/rcmp/RCMPHelper.so exists and is newer than /home/emile/postdoc/analysis/s2232/helper/rcmp/RCMPHelper.cxx, /home/emile/postdoc/analysis/s2232/helper/rcmp/RCMPHelper.hh, and $GRSISYS/lib/libTGRSIFrame.so[m
	Using library /home/emile/postdoc/analysis/s2232/helper/rcmp/RCMPHelper.so
No g-values!
Writing to RCMP28226_006.root
Writing PPG with 1 events and 4 ODB settings
Writing TAnalysisOptions to RCMP28226_006.root
  910 TChannels saved to RCMP28226_006.root
Closed 'RCMP28226_006.root'

Done after 0:00:9.175 h:m:s
