Successfully read 910 TChannels from [1;36m/home/emile/postdoc/data/s2232/sorted/analysis/analysis28228_000.root[m
Reading from file "[1;36m/home/emile/postdoc/data/s2232/sorted/analysis/analysis28228_001.root[m": adding TRunInfo 
Successfully read 910 TChannels from [1;36m/home/emile/postdoc/data/s2232/sorted/analysis/analysis28228_001.root[m
Reading from file "[1;36m/home/emile/postdoc/data/s2232/sorted/analysis/analysis28228_002.root[m": adding TRunInfo 
Successfully read 910 TChannels from [1;36m/home/emile/postdoc/data/s2232/sorted/analysis/analysis28228_002.root[m
Reading from file "[1;36m/home/emile/postdoc/data/s2232/sorted/analysis/analysis28228_003.root[m": adding TRunInfo 
Successfully read 910 TChannels from [1;36m/home/emile/postdoc/data/s2232/sorted/analysis/analysis28228_003.root[m
Reading from file "[1;36m/home/emile/postdoc/data/s2232/sorted/analysis/analysis28228_004.root[m": adding TRunInfo 
Successfully read 910 TChannels from [1;36m/home/emile/postdoc/data/s2232/sorted/analysis/analysis28228_004.root[m
Reading from file "[1;36m/home/emile/postdoc/data/s2232/sorted/analysis/analysis28228_005.root[m": adding TRunInfo 
Successfully read 910 TChannels from [1;36m/home/emile/postdoc/data/s2232/sorted/analysis/analysis28228_005.root[m
Looped over 6/6 files and got:
Singleton 0x5ed18b7ff1c0 was read from /home/emile/postdoc/data/s2232/sorted/analysis/analysis28228_005.root
Title: RCMP_Mylar_Test_Triple_Alpha_Source_single_sided-R00868(0.5um Mylar installed )
Comment: RCMP_Mylar_Test_Triple_Alpha_Source_single_sided-R00868(0.5um Mylar installed )
		RunNumber:          28228
		SubRunNumbers:      000-005
		RunStart:           Tue Jul  9 13:05:41 2024
		RunStop:            Tue Jul  9 14:30:39 2024
		RunLength:          5098 s
ODB cycle: 0 s
Code   Duration
0xc0f0 -1
0x0000 0
0x0000 0
0x0000 0
[0;36mshared library /home/emile/postdoc/analysis/s2232/helper/rcmp/RCMPHelper.so exists and is newer than /home/emile/postdoc/analysis/s2232/helper/rcmp/RCMPHelper.cxx, /home/emile/postdoc/analysis/s2232/helper/rcmp/RCMPHelper.hh, and $GRSISYS/lib/libTGRSIFrame.so[m
	Using library /home/emile/postdoc/analysis/s2232/helper/rcmp/RCMPHelper.so
No g-values!
Writing to RCMP28228_000-005.root
Writing PPG with 2 events and 4 ODB settings
Writing TAnalysisOptions to RCMP28228_000-005.root
  910 TChannels saved to RCMP28228_000-005.root
Closed 'RCMP28228_000-005.root'

Done after 0:00:15.592 h:m:s
