Successfully read 910 TChannels from [1;36m/home/emile/postdoc/data/s2232/sorted/analysis/analysis28382_000.root[m
Reading from file "[1;36m/home/emile/postdoc/data/s2232/sorted/analysis/analysis28382_001.root[m": adding TRunInfo 
Successfully read 910 TChannels from [1;36m/home/emile/postdoc/data/s2232/sorted/analysis/analysis28382_001.root[m
Looped over 2/2 files and got:
Singleton 0x5e1e80299420 was read from /home/emile/postdoc/data/s2232/sorted/analysis/analysis28382_001.root
Title: RCMP_Channel_mapping_RCS03
Comment: RCMP_Channel_mapping_RCS03
		RunNumber:          28382
		SubRunNumbers:      000-001
		RunStart:           Mon Jul 22 10:47:50 2024
		RunStop:            Mon Jul 22 11:47:50 2024
		RunLength:          3600 s
ODB cycle: 0 s
Code   Duration
0xc0f0 -1
0x0000 0
0x0000 0
0x0000 0
[0;36mshared library /home/emile/postdoc/analysis/s2232/helper/rcmp/RCMPHelper.so exists and is newer than /home/emile/postdoc/analysis/s2232/helper/rcmp/RCMPHelper.cxx, /home/emile/postdoc/analysis/s2232/helper/rcmp/RCMPHelper.hh, and $GRSISYS/lib/libTGRSIFrame.so[m
	Using library /home/emile/postdoc/analysis/s2232/helper/rcmp/RCMPHelper.so
No g-values!
Writing to RCMP28382_000-001.root
Writing PPG with 1 events and 4 ODB settings
Writing TAnalysisOptions to RCMP28382_000-001.root
  910 TChannels saved to RCMP28382_000-001.root
Closed 'RCMP28382_000-001.root'

Done after 0:00:9.448 h:m:s
