Successfully read 910 TChannels from [1;36m/home/emile/postdoc/data/s2232/sorted/analysis/analysis28310_000.root[m
Reading from file "[1;36m/home/emile/postdoc/data/s2232/sorted/analysis/analysis28310_001.root[m": adding TRunInfo 
Successfully read 910 TChannels from [1;36m/home/emile/postdoc/data/s2232/sorted/analysis/analysis28310_001.root[m
Reading from file "[1;36m/home/emile/postdoc/data/s2232/sorted/analysis/analysis28310_002.root[m": adding TRunInfo 
Successfully read 910 TChannels from [1;36m/home/emile/postdoc/data/s2232/sorted/analysis/analysis28310_002.root[m
Reading from file "[1;36m/home/emile/postdoc/data/s2232/sorted/analysis/analysis28310_003.root[m": adding TRunInfo 
Successfully read 910 TChannels from [1;36m/home/emile/postdoc/data/s2232/sorted/analysis/analysis28310_003.root[m
Reading from file "[1;36m/home/emile/postdoc/data/s2232/sorted/analysis/analysis28310_004.root[m": adding TRunInfo 
Successfully read 910 TChannels from [1;36m/home/emile/postdoc/data/s2232/sorted/analysis/analysis28310_004.root[m
Reading from file "[1;36m/home/emile/postdoc/data/s2232/sorted/analysis/analysis28310_005.root[m": adding TRunInfo 
Successfully read 910 TChannels from [1;36m/home/emile/postdoc/data/s2232/sorted/analysis/analysis28310_005.root[m
Looped over 6/6 files and got:
Singleton 0x5aff2a535840 was read from /home/emile/postdoc/data/s2232/sorted/analysis/analysis28310_005.root
Title: 20Mg (20Mg_long = 55s on, 5s off)
Comment: 20Mg (20Mg_long = 55s on, 5s off)
		RunNumber:          28310
		SubRunNumbers:      000-005
		RunStart:           Sat Jul 13 15:49:34 2024
		RunStop:            Sat Jul 13 16:09:21 2024
		RunLength:          1186 s
ODB cycle: 60 s
Code   Duration
0xc001 55000000
0xc004 5000000
[0;36mshared library /home/emile/postdoc/analysis/s2232/helper/rcmp/RCMPHelper.so exists and is newer than /home/emile/postdoc/analysis/s2232/helper/rcmp/RCMPHelper.cxx, /home/emile/postdoc/analysis/s2232/helper/rcmp/RCMPHelper.hh, and $GRSISYS/lib/libTGRSIFrame.so[m
	Using library /home/emile/postdoc/analysis/s2232/helper/rcmp/RCMPHelper.so
No g-values!
Writing to RCMP28310_000-005.root
Writing PPG with 39 events and 2 ODB settings
Writing TAnalysisOptions to RCMP28310_000-005.root
  910 TChannels saved to RCMP28310_000-005.root
Closed 'RCMP28310_000-005.root'

Done after 0:00:44.720 h:m:s
