Successfully read 910 TChannels from [1;36m/home/emile/postdoc/data/s2232/sorted/analysis/analysis28381_000.root[m
Looped over 1/1 files and got:
Singleton 0x62e8c02e5940 was read from /home/emile/postdoc/data/s2232/sorted/analysis/analysis28381_000.root
Title: RCMP_Channel_mapping_RCS06_RCS05
Comment: RCMP_Channel_mapping_RCS06_RCS05
		RunNumber:          28381
		SubRunNumber:       000
		Combined RunLength: 0 s
ODB cycle: 0 s
Code   Duration
0xc0f0 -1
0x0000 0
0x0000 0
0x0000 0
[0;36m----------  starting compilation of user code  ----------[m
[0;36m----------  starting linking user code  -----------------[m
[0;36m----------  done compiling user code  -------------------[m
	Using library /home/emile/postdoc/analysis/s2232/helper/rcmp/RCMPHelper.so
No g-values!
Writing to RCMP28381_000.root
Writing PPG with 1 events and 4 ODB settings
Writing TAnalysisOptions to RCMP28381_000.root
  910 TChannels saved to RCMP28381_000.root
Closed 'RCMP28381_000.root'

Done after 0:00:7.530 h:m:s
