Successfully read 96 TChannels from [1;36m/home/emile/postdoc/data/s2232/sorted/analysis/analysis66666_000.root[m
Looped over 1/1 files and got:
Singleton 0x5901ab266340 was read from /home/emile/postdoc/data/s2232/sorted/analysis/analysis66666_000.root
Title: 
Comment: 
		RunNumber:          66666
		SubRunNumber:       000
		RunStart:           Tue Nov  4 18:26:35 2025
		RunStop:            Wed Nov  5 06:26:47 2025
		RunLength:          43212 s
ODB cycle: 156 s
Code   Duration
0xc008 1500000
0xc002 30000000
0xc001 120000000
0xc004 5000000
[0;36mshared library /home/emile/postdoc/analysis/s2232/helper/rcmp/RCMPHelper.so exists and is newer than /home/emile/postdoc/analysis/s2232/helper/rcmp/RCMPHelper.cxx, /home/emile/postdoc/analysis/s2232/helper/rcmp/RCMPHelper.hh, and $GRSISYS/lib/libTGRSIFrame.so[m
	Using library /home/emile/postdoc/analysis/s2232/helper/rcmp/RCMPHelper.so
No g-values!
Writing to RCMP66666_000.root
Writing PPG with 0 events and 4 ODB settings
Writing TAnalysisOptions to RCMP66666_000.root
Warning, digitizer type '' not recognized, options are 'GRF16', 'FMC32', 'GRF4G', 'TIG10', 'TIG64', 'CAEN', 'MADC!' && 'V1190'!
Warning, digitizer type '' not recognized, options are 'GRF16', 'FMC32', 'GRF4G', 'TIG10', 'TIG64', 'CAEN', 'MADC!' && 'V1190'!
Warning, digitizer type '' not recognized, options are 'GRF16', 'FMC32', 'GRF4G', 'TIG10', 'TIG64', 'CAEN', 'MADC!' && 'V1190'!
Warning, digitizer type '' not recognized, options are 'GRF16', 'FMC32', 'GRF4G', 'TIG10', 'TIG64', 'CAEN', 'MADC!' && 'V1190'!
Warning, digitizer type '' not recognized, options are 'GRF16', 'FMC32', 'GRF4G', 'TIG10', 'TIG64', 'CAEN', 'MADC!' && 'V1190'!
Warning, digitizer type '' not recognized, options are 'GRF16', 'FMC32', 'GRF4G', 'TIG10', 'TIG64', 'CAEN', 'MADC!' && 'V1190'!
Warning, digitizer type '' not recognized, options are 'GRF16', 'FMC32', 'GRF4G', 'TIG10', 'TIG64', 'CAEN', 'MADC!' && 'V1190'!
Warning, digitizer type '' not recognized, options are 'GRF16', 'FMC32', 'GRF4G', 'TIG10', 'TIG64', 'CAEN', 'MADC!' && 'V1190'!
Warning, digitizer type '' not recognized, options are 'GRF16', 'FMC32', 'GRF4G', 'TIG10', 'TIG64', 'CAEN', 'MADC!' && 'V1190'!
Warning, digitizer type '' not recognized, options are 'GRF16', 'FMC32', 'GRF4G', 'TIG10', 'TIG64', 'CAEN', 'MADC!' && 'V1190'!
Warning, digitizer type '' not recognized, options are 'GRF16', 'FMC32', 'GRF4G', 'TIG10', 'TIG64', 'CAEN', 'MADC!' && 'V1190'!
Warning, digitizer type '' not recognized, options are 'GRF16', 'FMC32', 'GRF4G', 'TIG10', 'TIG64', 'CAEN', 'MADC!' && 'V1190'!
Warning, digitizer type '' not recognized, options are 'GRF16', 'FMC32', 'GRF4G', 'TIG10', 'TIG64', 'CAEN', 'MADC!' && 'V1190'!
Warning, digitizer type '' not recognized, options are 'GRF16', 'FMC32', 'GRF4G', 'TIG10', 'TIG64', 'CAEN', 'MADC!' && 'V1190'!
Warning, digitizer type '' not recognized, options are 'GRF16', 'FMC32', 'GRF4G', 'TIG10', 'TIG64', 'CAEN', 'MADC!' && 'V1190'!
Warning, digitizer type '' not recognized, options are 'GRF16', 'FMC32', 'GRF4G', 'TIG10', 'TIG64', 'CAEN', 'MADC!' && 'V1190'!
Warning, digitizer type '' not recognized, options are 'GRF16', 'FMC32', 'GRF4G', 'TIG10', 'TIG64', 'CAEN', 'MADC!' && 'V1190'!
Warning, digitizer type '' not recognized, options are 'GRF16', 'FMC32', 'GRF4G', 'TIG10', 'TIG64', 'CAEN', 'MADC!' && 'V1190'!
Warning, digitizer type '' not recognized, options are 'GRF16', 'FMC32', 'GRF4G', 'TIG10', 'TIG64', 'CAEN', 'MADC!' && 'V1190'!
Warning, digitizer type '' not recognized, options are 'GRF16', 'FMC32', 'GRF4G', 'TIG10', 'TIG64', 'CAEN', 'MADC!' && 'V1190'!
Warning, digitizer type '' not recognized, options are 'GRF16', 'FMC32', 'GRF4G', 'TIG10', 'TIG64', 'CAEN', 'MADC!' && 'V1190'!
Warning, digitizer type '' not recognized, options are 'GRF16', 'FMC32', 'GRF4G', 'TIG10', 'TIG64', 'CAEN', 'MADC!' && 'V1190'!
Warning, digitizer type '' not recognized, options are 'GRF16', 'FMC32', 'GRF4G', 'TIG10', 'TIG64', 'CAEN', 'MADC!' && 'V1190'!
Warning, digitizer type '' not recognized, options are 'GRF16', 'FMC32', 'GRF4G', 'TIG10', 'TIG64', 'CAEN', 'MADC!' && 'V1190'!
Warning, digitizer type '' not recognized, options are 'GRF16', 'FMC32', 'GRF4G', 'TIG10', 'TIG64', 'CAEN', 'MADC!' && 'V1190'!
Warning, digitizer type '' not recognized, options are 'GRF16', 'FMC32', 'GRF4G', 'TIG10', 'TIG64', 'CAEN', 'MADC!' && 'V1190'!
Warning, digitizer type '' not recognized, options are 'GRF16', 'FMC32', 'GRF4G', 'TIG10', 'TIG64', 'CAEN', 'MADC!' && 'V1190'!
Warning, digitizer type '' not recognized, options are 'GRF16', 'FMC32', 'GRF4G', 'TIG10', 'TIG64', 'CAEN', 'MADC!' && 'V1190'!
Warning, digitizer type '' not recognized, options are 'GRF16', 'FMC32', 'GRF4G', 'TIG10', 'TIG64', 'CAEN', 'MADC!' && 'V1190'!
Warning, digitizer type '' not recognized, options are 'GRF16', 'FMC32', 'GRF4G', 'TIG10', 'TIG64', 'CAEN', 'MADC!' && 'V1190'!
Warning, digitizer type '' not recognized, options are 'GRF16', 'FMC32', 'GRF4G', 'TIG10', 'TIG64', 'CAEN', 'MADC!' && 'V1190'!
Warning, digitizer type '' not recognized, options are 'GRF16', 'FMC32', 'GRF4G', 'TIG10', 'TIG64', 'CAEN', 'MADC!' && 'V1190'!
Warning, digitizer type '' not recognized, options are 'GRF16', 'FMC32', 'GRF4G', 'TIG10', 'TIG64', 'CAEN', 'MADC!' && 'V1190'!
Warning, digitizer type '' not recognized, options are 'GRF16', 'FMC32', 'GRF4G', 'TIG10', 'TIG64', 'CAEN', 'MADC!' && 'V1190'!
Warning, digitizer type '' not recognized, options are 'GRF16', 'FMC32', 'GRF4G', 'TIG10', 'TIG64', 'CAEN', 'MADC!' && 'V1190'!
Warning, digitizer type '' not recognized, options are 'GRF16', 'FMC32', 'GRF4G', 'TIG10', 'TIG64', 'CAEN', 'MADC!' && 'V1190'!
Warning, digitizer type '' not recognized, options are 'GRF16', 'FMC32', 'GRF4G', 'TIG10', 'TIG64', 'CAEN', 'MADC!' && 'V1190'!
Warning, digitizer type '' not recognized, options are 'GRF16', 'FMC32', 'GRF4G', 'TIG10', 'TIG64', 'CAEN', 'MADC!' && 'V1190'!
Warning, digitizer type '' not recognized, options are 'GRF16', 'FMC32', 'GRF4G', 'TIG10', 'TIG64', 'CAEN', 'MADC!' && 'V1190'!
Warning, digitizer type '' not recognized, options are 'GRF16', 'FMC32', 'GRF4G', 'TIG10', 'TIG64', 'CAEN', 'MADC!' && 'V1190'!
Warning, digitizer type '' not recognized, options are 'GRF16', 'FMC32', 'GRF4G', 'TIG10', 'TIG64', 'CAEN', 'MADC!' && 'V1190'!
Warning, digitizer type '' not recognized, options are 'GRF16', 'FMC32', 'GRF4G', 'TIG10', 'TIG64', 'CAEN', 'MADC!' && 'V1190'!
Warning, digitizer type '' not recognized, options are 'GRF16', 'FMC32', 'GRF4G', 'TIG10', 'TIG64', 'CAEN', 'MADC!' && 'V1190'!
Warning, digitizer type '' not recognized, options are 'GRF16', 'FMC32', 'GRF4G', 'TIG10', 'TIG64', 'CAEN', 'MADC!' && 'V1190'!
Warning, digitizer type '' not recognized, options are 'GRF16', 'FMC32', 'GRF4G', 'TIG10', 'TIG64', 'CAEN', 'MADC!' && 'V1190'!
Warning, digitizer type '' not recognized, options are 'GRF16', 'FMC32', 'GRF4G', 'TIG10', 'TIG64', 'CAEN', 'MADC!' && 'V1190'!
Warning, digitizer type '' not recognized, options are 'GRF16', 'FMC32', 'GRF4G', 'TIG10', 'TIG64', 'CAEN', 'MADC!' && 'V1190'!
Warning, digitizer type '' not recognized, options are 'GRF16', 'FMC32', 'GRF4G', 'TIG10', 'TIG64', 'CAEN', 'MADC!' && 'V1190'!
Warning, digitizer type '' not recognized, options are 'GRF16', 'FMC32', 'GRF4G', 'TIG10', 'TIG64', 'CAEN', 'MADC!' && 'V1190'!
Warning, digitizer type '' not recognized, options are 'GRF16', 'FMC32', 'GRF4G', 'TIG10', 'TIG64', 'CAEN', 'MADC!' && 'V1190'!
Warning, digitizer type '' not recognized, options are 'GRF16', 'FMC32', 'GRF4G', 'TIG10', 'TIG64', 'CAEN', 'MADC!' && 'V1190'!
Warning, digitizer type '' not recognized, options are 'GRF16', 'FMC32', 'GRF4G', 'TIG10', 'TIG64', 'CAEN', 'MADC!' && 'V1190'!
Warning, digitizer type '' not recognized, options are 'GRF16', 'FMC32', 'GRF4G', 'TIG10', 'TIG64', 'CAEN', 'MADC!' && 'V1190'!
Warning, digitizer type '' not recognized, options are 'GRF16', 'FMC32', 'GRF4G', 'TIG10', 'TIG64', 'CAEN', 'MADC!' && 'V1190'!
Warning, digitizer type '' not recognized, options are 'GRF16', 'FMC32', 'GRF4G', 'TIG10', 'TIG64', 'CAEN', 'MADC!' && 'V1190'!
Warning, digitizer type '' not recognized, options are 'GRF16', 'FMC32', 'GRF4G', 'TIG10', 'TIG64', 'CAEN', 'MADC!' && 'V1190'!
Warning, digitizer type '' not recognized, options are 'GRF16', 'FMC32', 'GRF4G', 'TIG10', 'TIG64', 'CAEN', 'MADC!' && 'V1190'!
Warning, digitizer type '' not recognized, options are 'GRF16', 'FMC32', 'GRF4G', 'TIG10', 'TIG64', 'CAEN', 'MADC!' && 'V1190'!
Warning, digitizer type '' not recognized, options are 'GRF16', 'FMC32', 'GRF4G', 'TIG10', 'TIG64', 'CAEN', 'MADC!' && 'V1190'!
Warning, digitizer type '' not recognized, options are 'GRF16', 'FMC32', 'GRF4G', 'TIG10', 'TIG64', 'CAEN', 'MADC!' && 'V1190'!
Warning, digitizer type '' not recognized, options are 'GRF16', 'FMC32', 'GRF4G', 'TIG10', 'TIG64', 'CAEN', 'MADC!' && 'V1190'!
Warning, digitizer type '' not recognized, options are 'GRF16', 'FMC32', 'GRF4G', 'TIG10', 'TIG64', 'CAEN', 'MADC!' && 'V1190'!
Warning, digitizer type '' not recognized, options are 'GRF16', 'FMC32', 'GRF4G', 'TIG10', 'TIG64', 'CAEN', 'MADC!' && 'V1190'!
Warning, digitizer type '' not recognized, options are 'GRF16', 'FMC32', 'GRF4G', 'TIG10', 'TIG64', 'CAEN', 'MADC!' && 'V1190'!
Warning, digitizer type '' not recognized, options are 'GRF16', 'FMC32', 'GRF4G', 'TIG10', 'TIG64', 'CAEN', 'MADC!' && 'V1190'!
Warning, digitizer type '' not recognized, options are 'GRF16', 'FMC32', 'GRF4G', 'TIG10', 'TIG64', 'CAEN', 'MADC!' && 'V1190'!
Warning, digitizer type '' not recognized, options are 'GRF16', 'FMC32', 'GRF4G', 'TIG10', 'TIG64', 'CAEN', 'MADC!' && 'V1190'!
Warning, digitizer type '' not recognized, options are 'GRF16', 'FMC32', 'GRF4G', 'TIG10', 'TIG64', 'CAEN', 'MADC!' && 'V1190'!
Warning, digitizer type '' not recognized, options are 'GRF16', 'FMC32', 'GRF4G', 'TIG10', 'TIG64', 'CAEN', 'MADC!' && 'V1190'!
Warning, digitizer type '' not recognized, options are 'GRF16', 'FMC32', 'GRF4G', 'TIG10', 'TIG64', 'CAEN', 'MADC!' && 'V1190'!
Warning, digitizer type '' not recognized, options are 'GRF16', 'FMC32', 'GRF4G', 'TIG10', 'TIG64', 'CAEN', 'MADC!' && 'V1190'!
Warning, digitizer type '' not recognized, options are 'GRF16', 'FMC32', 'GRF4G', 'TIG10', 'TIG64', 'CAEN', 'MADC!' && 'V1190'!
Warning, digitizer type '' not recognized, options are 'GRF16', 'FMC32', 'GRF4G', 'TIG10', 'TIG64', 'CAEN', 'MADC!' && 'V1190'!
Warning, digitizer type '' not recognized, options are 'GRF16', 'FMC32', 'GRF4G', 'TIG10', 'TIG64', 'CAEN', 'MADC!' && 'V1190'!
Warning, digitizer type '' not recognized, options are 'GRF16', 'FMC32', 'GRF4G', 'TIG10', 'TIG64', 'CAEN', 'MADC!' && 'V1190'!
Warning, digitizer type '' not recognized, options are 'GRF16', 'FMC32', 'GRF4G', 'TIG10', 'TIG64', 'CAEN', 'MADC!' && 'V1190'!
Warning, digitizer type '' not recognized, options are 'GRF16', 'FMC32', 'GRF4G', 'TIG10', 'TIG64', 'CAEN', 'MADC!' && 'V1190'!
Warning, digitizer type '' not recognized, options are 'GRF16', 'FMC32', 'GRF4G', 'TIG10', 'TIG64', 'CAEN', 'MADC!' && 'V1190'!
Warning, digitizer type '' not recognized, options are 'GRF16', 'FMC32', 'GRF4G', 'TIG10', 'TIG64', 'CAEN', 'MADC!' && 'V1190'!
Warning, digitizer type '' not recognized, options are 'GRF16', 'FMC32', 'GRF4G', 'TIG10', 'TIG64', 'CAEN', 'MADC!' && 'V1190'!
Warning, digitizer type '' not recognized, options are 'GRF16', 'FMC32', 'GRF4G', 'TIG10', 'TIG64', 'CAEN', 'MADC!' && 'V1190'!
Warning, digitizer type '' not recognized, options are 'GRF16', 'FMC32', 'GRF4G', 'TIG10', 'TIG64', 'CAEN', 'MADC!' && 'V1190'!
Warning, digitizer type '' not recognized, options are 'GRF16', 'FMC32', 'GRF4G', 'TIG10', 'TIG64', 'CAEN', 'MADC!' && 'V1190'!
Warning, digitizer type '' not recognized, options are 'GRF16', 'FMC32', 'GRF4G', 'TIG10', 'TIG64', 'CAEN', 'MADC!' && 'V1190'!
Warning, digitizer type '' not recognized, options are 'GRF16', 'FMC32', 'GRF4G', 'TIG10', 'TIG64', 'CAEN', 'MADC!' && 'V1190'!
Warning, digitizer type '' not recognized, options are 'GRF16', 'FMC32', 'GRF4G', 'TIG10', 'TIG64', 'CAEN', 'MADC!' && 'V1190'!
Warning, digitizer type '' not recognized, options are 'GRF16', 'FMC32', 'GRF4G', 'TIG10', 'TIG64', 'CAEN', 'MADC!' && 'V1190'!
Warning, digitizer type '' not recognized, options are 'GRF16', 'FMC32', 'GRF4G', 'TIG10', 'TIG64', 'CAEN', 'MADC!' && 'V1190'!
Warning, digitizer type '' not recognized, options are 'GRF16', 'FMC32', 'GRF4G', 'TIG10', 'TIG64', 'CAEN', 'MADC!' && 'V1190'!
Warning, digitizer type '' not recognized, options are 'GRF16', 'FMC32', 'GRF4G', 'TIG10', 'TIG64', 'CAEN', 'MADC!' && 'V1190'!
Warning, digitizer type '' not recognized, options are 'GRF16', 'FMC32', 'GRF4G', 'TIG10', 'TIG64', 'CAEN', 'MADC!' && 'V1190'!
Warning, digitizer type '' not recognized, options are 'GRF16', 'FMC32', 'GRF4G', 'TIG10', 'TIG64', 'CAEN', 'MADC!' && 'V1190'!
Warning, digitizer type '' not recognized, options are 'GRF16', 'FMC32', 'GRF4G', 'TIG10', 'TIG64', 'CAEN', 'MADC!' && 'V1190'!
Warning, digitizer type '' not recognized, options are 'GRF16', 'FMC32', 'GRF4G', 'TIG10', 'TIG64', 'CAEN', 'MADC!' && 'V1190'!
Warning, digitizer type '' not recognized, options are 'GRF16', 'FMC32', 'GRF4G', 'TIG10', 'TIG64', 'CAEN', 'MADC!' && 'V1190'!
Warning, digitizer type '' not recognized, options are 'GRF16', 'FMC32', 'GRF4G', 'TIG10', 'TIG64', 'CAEN', 'MADC!' && 'V1190'!
Warning, digitizer type '' not recognized, options are 'GRF16', 'FMC32', 'GRF4G', 'TIG10', 'TIG64', 'CAEN', 'MADC!' && 'V1190'!
Warning, digitizer type '' not recognized, options are 'GRF16', 'FMC32', 'GRF4G', 'TIG10', 'TIG64', 'CAEN', 'MADC!' && 'V1190'!
Warning, digitizer type '' not recognized, options are 'GRF16', 'FMC32', 'GRF4G', 'TIG10', 'TIG64', 'CAEN', 'MADC!' && 'V1190'!
Warning, digitizer type '' not recognized, options are 'GRF16', 'FMC32', 'GRF4G', 'TIG10', 'TIG64', 'CAEN', 'MADC!' && 'V1190'!
Warning, digitizer type '' not recognized, options are 'GRF16', 'FMC32', 'GRF4G', 'TIG10', 'TIG64', 'CAEN', 'MADC!' && 'V1190'!
Warning, digitizer type '' not recognized, options are 'GRF16', 'FMC32', 'GRF4G', 'TIG10', 'TIG64', 'CAEN', 'MADC!' && 'V1190'!
Warning, digitizer type '' not recognized, options are 'GRF16', 'FMC32', 'GRF4G', 'TIG10', 'TIG64', 'CAEN', 'MADC!' && 'V1190'!
Warning, digitizer type '' not recognized, options are 'GRF16', 'FMC32', 'GRF4G', 'TIG10', 'TIG64', 'CAEN', 'MADC!' && 'V1190'!
Warning, digitizer type '' not recognized, options are 'GRF16', 'FMC32', 'GRF4G', 'TIG10', 'TIG64', 'CAEN', 'MADC!' && 'V1190'!
Warning, digitizer type '' not recognized, options are 'GRF16', 'FMC32', 'GRF4G', 'TIG10', 'TIG64', 'CAEN', 'MADC!' && 'V1190'!
Warning, digitizer type '' not recognized, options are 'GRF16', 'FMC32', 'GRF4G', 'TIG10', 'TIG64', 'CAEN', 'MADC!' && 'V1190'!
Warning, digitizer type '' not recognized, options are 'GRF16', 'FMC32', 'GRF4G', 'TIG10', 'TIG64', 'CAEN', 'MADC!' && 'V1190'!
Warning, digitizer type '' not recognized, options are 'GRF16', 'FMC32', 'GRF4G', 'TIG10', 'TIG64', 'CAEN', 'MADC!' && 'V1190'!
Warning, digitizer type '' not recognized, options are 'GRF16', 'FMC32', 'GRF4G', 'TIG10', 'TIG64', 'CAEN', 'MADC!' && 'V1190'!
Warning, digitizer type '' not recognized, options are 'GRF16', 'FMC32', 'GRF4G', 'TIG10', 'TIG64', 'CAEN', 'MADC!' && 'V1190'!
Warning, digitizer type '' not recognized, options are 'GRF16', 'FMC32', 'GRF4G', 'TIG10', 'TIG64', 'CAEN', 'MADC!' && 'V1190'!
Warning, digitizer type '' not recognized, options are 'GRF16', 'FMC32', 'GRF4G', 'TIG10', 'TIG64', 'CAEN', 'MADC!' && 'V1190'!
Warning, digitizer type '' not recognized, options are 'GRF16', 'FMC32', 'GRF4G', 'TIG10', 'TIG64', 'CAEN', 'MADC!' && 'V1190'!
Warning, digitizer type '' not recognized, options are 'GRF16', 'FMC32', 'GRF4G', 'TIG10', 'TIG64', 'CAEN', 'MADC!' && 'V1190'!
Warning, digitizer type '' not recognized, options are 'GRF16', 'FMC32', 'GRF4G', 'TIG10', 'TIG64', 'CAEN', 'MADC!' && 'V1190'!
Warning, digitizer type '' not recognized, options are 'GRF16', 'FMC32', 'GRF4G', 'TIG10', 'TIG64', 'CAEN', 'MADC!' && 'V1190'!
Warning, digitizer type '' not recognized, options are 'GRF16', 'FMC32', 'GRF4G', 'TIG10', 'TIG64', 'CAEN', 'MADC!' && 'V1190'!
Warning, digitizer type '' not recognized, options are 'GRF16', 'FMC32', 'GRF4G', 'TIG10', 'TIG64', 'CAEN', 'MADC!' && 'V1190'!
Warning, digitizer type '' not recognized, options are 'GRF16', 'FMC32', 'GRF4G', 'TIG10', 'TIG64', 'CAEN', 'MADC!' && 'V1190'!
Warning, digitizer type '' not recognized, options are 'GRF16', 'FMC32', 'GRF4G', 'TIG10', 'TIG64', 'CAEN', 'MADC!' && 'V1190'!
Warning, digitizer type '' not recognized, options are 'GRF16', 'FMC32', 'GRF4G', 'TIG10', 'TIG64', 'CAEN', 'MADC!' && 'V1190'!
Warning, digitizer type '' not recognized, options are 'GRF16', 'FMC32', 'GRF4G', 'TIG10', 'TIG64', 'CAEN', 'MADC!' && 'V1190'!
Warning, digitizer type '' not recognized, options are 'GRF16', 'FMC32', 'GRF4G', 'TIG10', 'TIG64', 'CAEN', 'MADC!' && 'V1190'!
Warning, digitizer type '' not recognized, options are 'GRF16', 'FMC32', 'GRF4G', 'TIG10', 'TIG64', 'CAEN', 'MADC!' && 'V1190'!
Warning, digitizer type '' not recognized, options are 'GRF16', 'FMC32', 'GRF4G', 'TIG10', 'TIG64', 'CAEN', 'MADC!' && 'V1190'!
Warning, digitizer type '' not recognized, options are 'GRF16', 'FMC32', 'GRF4G', 'TIG10', 'TIG64', 'CAEN', 'MADC!' && 'V1190'!
Warning, digitizer type '' not recognized, options are 'GRF16', 'FMC32', 'GRF4G', 'TIG10', 'TIG64', 'CAEN', 'MADC!' && 'V1190'!
Warning, digitizer type '' not recognized, options are 'GRF16', 'FMC32', 'GRF4G', 'TIG10', 'TIG64', 'CAEN', 'MADC!' && 'V1190'!
Warning, digitizer type '' not recognized, options are 'GRF16', 'FMC32', 'GRF4G', 'TIG10', 'TIG64', 'CAEN', 'MADC!' && 'V1190'!
Warning, digitizer type '' not recognized, options are 'GRF16', 'FMC32', 'GRF4G', 'TIG10', 'TIG64', 'CAEN', 'MADC!' && 'V1190'!
Warning, digitizer type '' not recognized, options are 'GRF16', 'FMC32', 'GRF4G', 'TIG10', 'TIG64', 'CAEN', 'MADC!' && 'V1190'!
Warning, digitizer type '' not recognized, options are 'GRF16', 'FMC32', 'GRF4G', 'TIG10', 'TIG64', 'CAEN', 'MADC!' && 'V1190'!
Warning, digitizer type '' not recognized, options are 'GRF16', 'FMC32', 'GRF4G', 'TIG10', 'TIG64', 'CAEN', 'MADC!' && 'V1190'!
Warning, digitizer type '' not recognized, options are 'GRF16', 'FMC32', 'GRF4G', 'TIG10', 'TIG64', 'CAEN', 'MADC!' && 'V1190'!
Warning, digitizer type '' not recognized, options are 'GRF16', 'FMC32', 'GRF4G', 'TIG10', 'TIG64', 'CAEN', 'MADC!' && 'V1190'!
Warning, digitizer type '' not recognized, options are 'GRF16', 'FMC32', 'GRF4G', 'TIG10', 'TIG64', 'CAEN', 'MADC!' && 'V1190'!
Warning, digitizer type '' not recognized, options are 'GRF16', 'FMC32', 'GRF4G', 'TIG10', 'TIG64', 'CAEN', 'MADC!' && 'V1190'!
Warning, digitizer type '' not recognized, options are 'GRF16', 'FMC32', 'GRF4G', 'TIG10', 'TIG64', 'CAEN', 'MADC!' && 'V1190'!
Warning, digitizer type '' not recognized, options are 'GRF16', 'FMC32', 'GRF4G', 'TIG10', 'TIG64', 'CAEN', 'MADC!' && 'V1190'!
Warning, digitizer type '' not recognized, options are 'GRF16', 'FMC32', 'GRF4G', 'TIG10', 'TIG64', 'CAEN', 'MADC!' && 'V1190'!
Warning, digitizer type '' not recognized, options are 'GRF16', 'FMC32', 'GRF4G', 'TIG10', 'TIG64', 'CAEN', 'MADC!' && 'V1190'!
Warning, digitizer type '' not recognized, options are 'GRF16', 'FMC32', 'GRF4G', 'TIG10', 'TIG64', 'CAEN', 'MADC!' && 'V1190'!
Warning, digitizer type '' not recognized, options are 'GRF16', 'FMC32', 'GRF4G', 'TIG10', 'TIG64', 'CAEN', 'MADC!' && 'V1190'!
Warning, digitizer type '' not recognized, options are 'GRF16', 'FMC32', 'GRF4G', 'TIG10', 'TIG64', 'CAEN', 'MADC!' && 'V1190'!
Warning, digitizer type '' not recognized, options are 'GRF16', 'FMC32', 'GRF4G', 'TIG10', 'TIG64', 'CAEN', 'MADC!' && 'V1190'!
Warning, digitizer type '' not recognized, options are 'GRF16', 'FMC32', 'GRF4G', 'TIG10', 'TIG64', 'CAEN', 'MADC!' && 'V1190'!
Warning, digitizer type '' not recognized, options are 'GRF16', 'FMC32', 'GRF4G', 'TIG10', 'TIG64', 'CAEN', 'MADC!' && 'V1190'!
Warning, digitizer type '' not recognized, options are 'GRF16', 'FMC32', 'GRF4G', 'TIG10', 'TIG64', 'CAEN', 'MADC!' && 'V1190'!
Warning, digitizer type '' not recognized, options are 'GRF16', 'FMC32', 'GRF4G', 'TIG10', 'TIG64', 'CAEN', 'MADC!' && 'V1190'!
Warning, digitizer type '' not recognized, options are 'GRF16', 'FMC32', 'GRF4G', 'TIG10', 'TIG64', 'CAEN', 'MADC!' && 'V1190'!
Warning, digitizer type '' not recognized, options are 'GRF16', 'FMC32', 'GRF4G', 'TIG10', 'TIG64', 'CAEN', 'MADC!' && 'V1190'!
Warning, digitizer type '' not recognized, options are 'GRF16', 'FMC32', 'GRF4G', 'TIG10', 'TIG64', 'CAEN', 'MADC!' && 'V1190'!
Warning, digitizer type '' not recognized, options are 'GRF16', 'FMC32', 'GRF4G', 'TIG10', 'TIG64', 'CAEN', 'MADC!' && 'V1190'!
Warning, digitizer type '' not recognized, options are 'GRF16', 'FMC32', 'GRF4G', 'TIG10', 'TIG64', 'CAEN', 'MADC!' && 'V1190'!
Warning, digitizer type '' not recognized, options are 'GRF16', 'FMC32', 'GRF4G', 'TIG10', 'TIG64', 'CAEN', 'MADC!' && 'V1190'!
Warning, digitizer type '' not recognized, options are 'GRF16', 'FMC32', 'GRF4G', 'TIG10', 'TIG64', 'CAEN', 'MADC!' && 'V1190'!
Warning, digitizer type '' not recognized, options are 'GRF16', 'FMC32', 'GRF4G', 'TIG10', 'TIG64', 'CAEN', 'MADC!' && 'V1190'!
Warning, digitizer type '' not recognized, options are 'GRF16', 'FMC32', 'GRF4G', 'TIG10', 'TIG64', 'CAEN', 'MADC!' && 'V1190'!
Warning, digitizer type '' not recognized, options are 'GRF16', 'FMC32', 'GRF4G', 'TIG10', 'TIG64', 'CAEN', 'MADC!' && 'V1190'!
Warning, digitizer type '' not recognized, options are 'GRF16', 'FMC32', 'GRF4G', 'TIG10', 'TIG64', 'CAEN', 'MADC!' && 'V1190'!
Warning, digitizer type '' not recognized, options are 'GRF16', 'FMC32', 'GRF4G', 'TIG10', 'TIG64', 'CAEN', 'MADC!' && 'V1190'!
Warning, digitizer type '' not recognized, options are 'GRF16', 'FMC32', 'GRF4G', 'TIG10', 'TIG64', 'CAEN', 'MADC!' && 'V1190'!
Warning, digitizer type '' not recognized, options are 'GRF16', 'FMC32', 'GRF4G', 'TIG10', 'TIG64', 'CAEN', 'MADC!' && 'V1190'!
Warning, digitizer type '' not recognized, options are 'GRF16', 'FMC32', 'GRF4G', 'TIG10', 'TIG64', 'CAEN', 'MADC!' && 'V1190'!
Warning, digitizer type '' not recognized, options are 'GRF16', 'FMC32', 'GRF4G', 'TIG10', 'TIG64', 'CAEN', 'MADC!' && 'V1190'!
Warning, digitizer type '' not recognized, options are 'GRF16', 'FMC32', 'GRF4G', 'TIG10', 'TIG64', 'CAEN', 'MADC!' && 'V1190'!
Warning, digitizer type '' not recognized, options are 'GRF16', 'FMC32', 'GRF4G', 'TIG10', 'TIG64', 'CAEN', 'MADC!' && 'V1190'!
Warning, digitizer type '' not recognized, options are 'GRF16', 'FMC32', 'GRF4G', 'TIG10', 'TIG64', 'CAEN', 'MADC!' && 'V1190'!
Warning, digitizer type '' not recognized, options are 'GRF16', 'FMC32', 'GRF4G', 'TIG10', 'TIG64', 'CAEN', 'MADC!' && 'V1190'!
Warning, digitizer type '' not recognized, options are 'GRF16', 'FMC32', 'GRF4G', 'TIG10', 'TIG64', 'CAEN', 'MADC!' && 'V1190'!
Warning, digitizer type '' not recognized, options are 'GRF16', 'FMC32', 'GRF4G', 'TIG10', 'TIG64', 'CAEN', 'MADC!' && 'V1190'!
Warning, digitizer type '' not recognized, options are 'GRF16', 'FMC32', 'GRF4G', 'TIG10', 'TIG64', 'CAEN', 'MADC!' && 'V1190'!
Warning, digitizer type '' not recognized, options are 'GRF16', 'FMC32', 'GRF4G', 'TIG10', 'TIG64', 'CAEN', 'MADC!' && 'V1190'!
Warning, digitizer type '' not recognized, options are 'GRF16', 'FMC32', 'GRF4G', 'TIG10', 'TIG64', 'CAEN', 'MADC!' && 'V1190'!
Warning, digitizer type '' not recognized, options are 'GRF16', 'FMC32', 'GRF4G', 'TIG10', 'TIG64', 'CAEN', 'MADC!' && 'V1190'!
Warning, digitizer type '' not recognized, options are 'GRF16', 'FMC32', 'GRF4G', 'TIG10', 'TIG64', 'CAEN', 'MADC!' && 'V1190'!
Warning, digitizer type '' not recognized, options are 'GRF16', 'FMC32', 'GRF4G', 'TIG10', 'TIG64', 'CAEN', 'MADC!' && 'V1190'!
Warning, digitizer type '' not recognized, options are 'GRF16', 'FMC32', 'GRF4G', 'TIG10', 'TIG64', 'CAEN', 'MADC!' && 'V1190'!
Warning, digitizer type '' not recognized, options are 'GRF16', 'FMC32', 'GRF4G', 'TIG10', 'TIG64', 'CAEN', 'MADC!' && 'V1190'!
Warning, digitizer type '' not recognized, options are 'GRF16', 'FMC32', 'GRF4G', 'TIG10', 'TIG64', 'CAEN', 'MADC!' && 'V1190'!
Warning, digitizer type '' not recognized, options are 'GRF16', 'FMC32', 'GRF4G', 'TIG10', 'TIG64', 'CAEN', 'MADC!' && 'V1190'!
Warning, digitizer type '' not recognized, options are 'GRF16', 'FMC32', 'GRF4G', 'TIG10', 'TIG64', 'CAEN', 'MADC!' && 'V1190'!
Warning, digitizer type '' not recognized, options are 'GRF16', 'FMC32', 'GRF4G', 'TIG10', 'TIG64', 'CAEN', 'MADC!' && 'V1190'!
Warning, digitizer type '' not recognized, options are 'GRF16', 'FMC32', 'GRF4G', 'TIG10', 'TIG64', 'CAEN', 'MADC!' && 'V1190'!
Warning, digitizer type '' not recognized, options are 'GRF16', 'FMC32', 'GRF4G', 'TIG10', 'TIG64', 'CAEN', 'MADC!' && 'V1190'!
Warning, digitizer type '' not recognized, options are 'GRF16', 'FMC32', 'GRF4G', 'TIG10', 'TIG64', 'CAEN', 'MADC!' && 'V1190'!
Warning, digitizer type '' not recognized, options are 'GRF16', 'FMC32', 'GRF4G', 'TIG10', 'TIG64', 'CAEN', 'MADC!' && 'V1190'!
Warning, digitizer type '' not recognized, options are 'GRF16', 'FMC32', 'GRF4G', 'TIG10', 'TIG64', 'CAEN', 'MADC!' && 'V1190'!
Warning, digitizer type '' not recognized, options are 'GRF16', 'FMC32', 'GRF4G', 'TIG10', 'TIG64', 'CAEN', 'MADC!' && 'V1190'!
Warning, digitizer type '' not recognized, options are 'GRF16', 'FMC32', 'GRF4G', 'TIG10', 'TIG64', 'CAEN', 'MADC!' && 'V1190'!
Warning, digitizer type '' not recognized, options are 'GRF16', 'FMC32', 'GRF4G', 'TIG10', 'TIG64', 'CAEN', 'MADC!' && 'V1190'!
Warning, digitizer type '' not recognized, options are 'GRF16', 'FMC32', 'GRF4G', 'TIG10', 'TIG64', 'CAEN', 'MADC!' && 'V1190'!
Warning, digitizer type '' not recognized, options are 'GRF16', 'FMC32', 'GRF4G', 'TIG10', 'TIG64', 'CAEN', 'MADC!' && 'V1190'!
Warning, digitizer type '' not recognized, options are 'GRF16', 'FMC32', 'GRF4G', 'TIG10', 'TIG64', 'CAEN', 'MADC!' && 'V1190'!
Warning, digitizer type '' not recognized, options are 'GRF16', 'FMC32', 'GRF4G', 'TIG10', 'TIG64', 'CAEN', 'MADC!' && 'V1190'!
Warning, digitizer type '' not recognized, options are 'GRF16', 'FMC32', 'GRF4G', 'TIG10', 'TIG64', 'CAEN', 'MADC!' && 'V1190'!
Warning, digitizer type '' not recognized, options are 'GRF16', 'FMC32', 'GRF4G', 'TIG10', 'TIG64', 'CAEN', 'MADC!' && 'V1190'!
Warning, digitizer type '' not recognized, options are 'GRF16', 'FMC32', 'GRF4G', 'TIG10', 'TIG64', 'CAEN', 'MADC!' && 'V1190'!
Warning, digitizer type '' not recognized, options are 'GRF16', 'FMC32', 'GRF4G', 'TIG10', 'TIG64', 'CAEN', 'MADC!' && 'V1190'!
Warning, digitizer type '' not recognized, options are 'GRF16', 'FMC32', 'GRF4G', 'TIG10', 'TIG64', 'CAEN', 'MADC!' && 'V1190'!
Warning, digitizer type '' not recognized, options are 'GRF16', 'FMC32', 'GRF4G', 'TIG10', 'TIG64', 'CAEN', 'MADC!' && 'V1190'!
Warning, digitizer type '' not recognized, options are 'GRF16', 'FMC32', 'GRF4G', 'TIG10', 'TIG64', 'CAEN', 'MADC!' && 'V1190'!
Warning, digitizer type '' not recognized, options are 'GRF16', 'FMC32', 'GRF4G', 'TIG10', 'TIG64', 'CAEN', 'MADC!' && 'V1190'!
Warning, digitizer type '' not recognized, options are 'GRF16', 'FMC32', 'GRF4G', 'TIG10', 'TIG64', 'CAEN', 'MADC!' && 'V1190'!
Warning, digitizer type '' not recognized, options are 'GRF16', 'FMC32', 'GRF4G', 'TIG10', 'TIG64', 'CAEN', 'MADC!' && 'V1190'!
Warning, digitizer type '' not recognized, options are 'GRF16', 'FMC32', 'GRF4G', 'TIG10', 'TIG64', 'CAEN', 'MADC!' && 'V1190'!
Warning, digitizer type '' not recognized, options are 'GRF16', 'FMC32', 'GRF4G', 'TIG10', 'TIG64', 'CAEN', 'MADC!' && 'V1190'!
Warning, digitizer type '' not recognized, options are 'GRF16', 'FMC32', 'GRF4G', 'TIG10', 'TIG64', 'CAEN', 'MADC!' && 'V1190'!
Warning, digitizer type '' not recognized, options are 'GRF16', 'FMC32', 'GRF4G', 'TIG10', 'TIG64', 'CAEN', 'MADC!' && 'V1190'!
Warning, digitizer type '' not recognized, options are 'GRF16', 'FMC32', 'GRF4G', 'TIG10', 'TIG64', 'CAEN', 'MADC!' && 'V1190'!
Warning, digitizer type '' not recognized, options are 'GRF16', 'FMC32', 'GRF4G', 'TIG10', 'TIG64', 'CAEN', 'MADC!' && 'V1190'!
Warning, digitizer type '' not recognized, options are 'GRF16', 'FMC32', 'GRF4G', 'TIG10', 'TIG64', 'CAEN', 'MADC!' && 'V1190'!
Warning, digitizer type '' not recognized, options are 'GRF16', 'FMC32', 'GRF4G', 'TIG10', 'TIG64', 'CAEN', 'MADC!' && 'V1190'!
Warning, digitizer type '' not recognized, options are 'GRF16', 'FMC32', 'GRF4G', 'TIG10', 'TIG64', 'CAEN', 'MADC!' && 'V1190'!
Warning, digitizer type '' not recognized, options are 'GRF16', 'FMC32', 'GRF4G', 'TIG10', 'TIG64', 'CAEN', 'MADC!' && 'V1190'!
Warning, digitizer type '' not recognized, options are 'GRF16', 'FMC32', 'GRF4G', 'TIG10', 'TIG64', 'CAEN', 'MADC!' && 'V1190'!
Warning, digitizer type '' not recognized, options are 'GRF16', 'FMC32', 'GRF4G', 'TIG10', 'TIG64', 'CAEN', 'MADC!' && 'V1190'!
Warning, digitizer type '' not recognized, options are 'GRF16', 'FMC32', 'GRF4G', 'TIG10', 'TIG64', 'CAEN', 'MADC!' && 'V1190'!
Warning, digitizer type '' not recognized, options are 'GRF16', 'FMC32', 'GRF4G', 'TIG10', 'TIG64', 'CAEN', 'MADC!' && 'V1190'!
Warning, digitizer type '' not recognized, options are 'GRF16', 'FMC32', 'GRF4G', 'TIG10', 'TIG64', 'CAEN', 'MADC!' && 'V1190'!
Warning, digitizer type '' not recognized, options are 'GRF16', 'FMC32', 'GRF4G', 'TIG10', 'TIG64', 'CAEN', 'MADC!' && 'V1190'!
Warning, digitizer type '' not recognized, options are 'GRF16', 'FMC32', 'GRF4G', 'TIG10', 'TIG64', 'CAEN', 'MADC!' && 'V1190'!
Warning, digitizer type '' not recognized, options are 'GRF16', 'FMC32', 'GRF4G', 'TIG10', 'TIG64', 'CAEN', 'MADC!' && 'V1190'!
Warning, digitizer type '' not recognized, options are 'GRF16', 'FMC32', 'GRF4G', 'TIG10', 'TIG64', 'CAEN', 'MADC!' && 'V1190'!
Warning, digitizer type '' not recognized, options are 'GRF16', 'FMC32', 'GRF4G', 'TIG10', 'TIG64', 'CAEN', 'MADC!' && 'V1190'!
Warning, digitizer type '' not recognized, options are 'GRF16', 'FMC32', 'GRF4G', 'TIG10', 'TIG64', 'CAEN', 'MADC!' && 'V1190'!
Warning, digitizer type '' not recognized, options are 'GRF16', 'FMC32', 'GRF4G', 'TIG10', 'TIG64', 'CAEN', 'MADC!' && 'V1190'!
Warning, digitizer type '' not recognized, options are 'GRF16', 'FMC32', 'GRF4G', 'TIG10', 'TIG64', 'CAEN', 'MADC!' && 'V1190'!
Warning, digitizer type '' not recognized, options are 'GRF16', 'FMC32', 'GRF4G', 'TIG10', 'TIG64', 'CAEN', 'MADC!' && 'V1190'!
Warning, digitizer type '' not recognized, options are 'GRF16', 'FMC32', 'GRF4G', 'TIG10', 'TIG64', 'CAEN', 'MADC!' && 'V1190'!
Warning, digitizer type '' not recognized, options are 'GRF16', 'FMC32', 'GRF4G', 'TIG10', 'TIG64', 'CAEN', 'MADC!' && 'V1190'!
Warning, digitizer type '' not recognized, options are 'GRF16', 'FMC32', 'GRF4G', 'TIG10', 'TIG64', 'CAEN', 'MADC!' && 'V1190'!
Warning, digitizer type '' not recognized, options are 'GRF16', 'FMC32', 'GRF4G', 'TIG10', 'TIG64', 'CAEN', 'MADC!' && 'V1190'!
Warning, digitizer type '' not recognized, options are 'GRF16', 'FMC32', 'GRF4G', 'TIG10', 'TIG64', 'CAEN', 'MADC!' && 'V1190'!
Warning, digitizer type '' not recognized, options are 'GRF16', 'FMC32', 'GRF4G', 'TIG10', 'TIG64', 'CAEN', 'MADC!' && 'V1190'!
Warning, digitizer type '' not recognized, options are 'GRF16', 'FMC32', 'GRF4G', 'TIG10', 'TIG64', 'CAEN', 'MADC!' && 'V1190'!
Warning, digitizer type '' not recognized, options are 'GRF16', 'FMC32', 'GRF4G', 'TIG10', 'TIG64', 'CAEN', 'MADC!' && 'V1190'!
Warning, digitizer type '' not recognized, options are 'GRF16', 'FMC32', 'GRF4G', 'TIG10', 'TIG64', 'CAEN', 'MADC!' && 'V1190'!
Warning, digitizer type '' not recognized, options are 'GRF16', 'FMC32', 'GRF4G', 'TIG10', 'TIG64', 'CAEN', 'MADC!' && 'V1190'!
Warning, digitizer type '' not recognized, options are 'GRF16', 'FMC32', 'GRF4G', 'TIG10', 'TIG64', 'CAEN', 'MADC!' && 'V1190'!
Warning, digitizer type '' not recognized, options are 'GRF16', 'FMC32', 'GRF4G', 'TIG10', 'TIG64', 'CAEN', 'MADC!' && 'V1190'!
Warning, digitizer type '' not recognized, options are 'GRF16', 'FMC32', 'GRF4G', 'TIG10', 'TIG64', 'CAEN', 'MADC!' && 'V1190'!
Warning, digitizer type '' not recognized, options are 'GRF16', 'FMC32', 'GRF4G', 'TIG10', 'TIG64', 'CAEN', 'MADC!' && 'V1190'!
Warning, digitizer type '' not recognized, options are 'GRF16', 'FMC32', 'GRF4G', 'TIG10', 'TIG64', 'CAEN', 'MADC!' && 'V1190'!
Warning, digitizer type '' not recognized, options are 'GRF16', 'FMC32', 'GRF4G', 'TIG10', 'TIG64', 'CAEN', 'MADC!' && 'V1190'!
Warning, digitizer type '' not recognized, options are 'GRF16', 'FMC32', 'GRF4G', 'TIG10', 'TIG64', 'CAEN', 'MADC!' && 'V1190'!
Warning, digitizer type '' not recognized, options are 'GRF16', 'FMC32', 'GRF4G', 'TIG10', 'TIG64', 'CAEN', 'MADC!' && 'V1190'!
Warning, digitizer type '' not recognized, options are 'GRF16', 'FMC32', 'GRF4G', 'TIG10', 'TIG64', 'CAEN', 'MADC!' && 'V1190'!
Warning, digitizer type '' not recognized, options are 'GRF16', 'FMC32', 'GRF4G', 'TIG10', 'TIG64', 'CAEN', 'MADC!' && 'V1190'!
Warning, digitizer type '' not recognized, options are 'GRF16', 'FMC32', 'GRF4G', 'TIG10', 'TIG64', 'CAEN', 'MADC!' && 'V1190'!
Warning, digitizer type '' not recognized, options are 'GRF16', 'FMC32', 'GRF4G', 'TIG10', 'TIG64', 'CAEN', 'MADC!' && 'V1190'!
Warning, digitizer type '' not recognized, options are 'GRF16', 'FMC32', 'GRF4G', 'TIG10', 'TIG64', 'CAEN', 'MADC!' && 'V1190'!
Warning, digitizer type '' not recognized, options are 'GRF16', 'FMC32', 'GRF4G', 'TIG10', 'TIG64', 'CAEN', 'MADC!' && 'V1190'!
Warning, digitizer type '' not recognized, options are 'GRF16', 'FMC32', 'GRF4G', 'TIG10', 'TIG64', 'CAEN', 'MADC!' && 'V1190'!
Warning, digitizer type '' not recognized, options are 'GRF16', 'FMC32', 'GRF4G', 'TIG10', 'TIG64', 'CAEN', 'MADC!' && 'V1190'!
Warning, digitizer type '' not recognized, options are 'GRF16', 'FMC32', 'GRF4G', 'TIG10', 'TIG64', 'CAEN', 'MADC!' && 'V1190'!
Warning, digitizer type '' not recognized, options are 'GRF16', 'FMC32', 'GRF4G', 'TIG10', 'TIG64', 'CAEN', 'MADC!' && 'V1190'!
Warning, digitizer type '' not recognized, options are 'GRF16', 'FMC32', 'GRF4G', 'TIG10', 'TIG64', 'CAEN', 'MADC!' && 'V1190'!
Warning, digitizer type '' not recognized, options are 'GRF16', 'FMC32', 'GRF4G', 'TIG10', 'TIG64', 'CAEN', 'MADC!' && 'V1190'!
Warning, digitizer type '' not recognized, options are 'GRF16', 'FMC32', 'GRF4G', 'TIG10', 'TIG64', 'CAEN', 'MADC!' && 'V1190'!
Warning, digitizer type '' not recognized, options are 'GRF16', 'FMC32', 'GRF4G', 'TIG10', 'TIG64', 'CAEN', 'MADC!' && 'V1190'!
Warning, digitizer type '' not recognized, options are 'GRF16', 'FMC32', 'GRF4G', 'TIG10', 'TIG64', 'CAEN', 'MADC!' && 'V1190'!
Warning, digitizer type '' not recognized, options are 'GRF16', 'FMC32', 'GRF4G', 'TIG10', 'TIG64', 'CAEN', 'MADC!' && 'V1190'!
Warning, digitizer type '' not recognized, options are 'GRF16', 'FMC32', 'GRF4G', 'TIG10', 'TIG64', 'CAEN', 'MADC!' && 'V1190'!
Warning, digitizer type '' not recognized, options are 'GRF16', 'FMC32', 'GRF4G', 'TIG10', 'TIG64', 'CAEN', 'MADC!' && 'V1190'!
Warning, digitizer type '' not recognized, options are 'GRF16', 'FMC32', 'GRF4G', 'TIG10', 'TIG64', 'CAEN', 'MADC!' && 'V1190'!
Warning, digitizer type '' not recognized, options are 'GRF16', 'FMC32', 'GRF4G', 'TIG10', 'TIG64', 'CAEN', 'MADC!' && 'V1190'!
Warning, digitizer type '' not recognized, options are 'GRF16', 'FMC32', 'GRF4G', 'TIG10', 'TIG64', 'CAEN', 'MADC!' && 'V1190'!
Warning, digitizer type '' not recognized, options are 'GRF16', 'FMC32', 'GRF4G', 'TIG10', 'TIG64', 'CAEN', 'MADC!' && 'V1190'!
Warning, digitizer type '' not recognized, options are 'GRF16', 'FMC32', 'GRF4G', 'TIG10', 'TIG64', 'CAEN', 'MADC!' && 'V1190'!
Warning, digitizer type '' not recognized, options are 'GRF16', 'FMC32', 'GRF4G', 'TIG10', 'TIG64', 'CAEN', 'MADC!' && 'V1190'!
Warning, digitizer type '' not recognized, options are 'GRF16', 'FMC32', 'GRF4G', 'TIG10', 'TIG64', 'CAEN', 'MADC!' && 'V1190'!
Warning, digitizer type '' not recognized, options are 'GRF16', 'FMC32', 'GRF4G', 'TIG10', 'TIG64', 'CAEN', 'MADC!' && 'V1190'!
Warning, digitizer type '' not recognized, options are 'GRF16', 'FMC32', 'GRF4G', 'TIG10', 'TIG64', 'CAEN', 'MADC!' && 'V1190'!
Warning, digitizer type '' not recognized, options are 'GRF16', 'FMC32', 'GRF4G', 'TIG10', 'TIG64', 'CAEN', 'MADC!' && 'V1190'!
Warning, digitizer type '' not recognized, options are 'GRF16', 'FMC32', 'GRF4G', 'TIG10', 'TIG64', 'CAEN', 'MADC!' && 'V1190'!
Warning, digitizer type '' not recognized, options are 'GRF16', 'FMC32', 'GRF4G', 'TIG10', 'TIG64', 'CAEN', 'MADC!' && 'V1190'!
Warning, digitizer type '' not recognized, options are 'GRF16', 'FMC32', 'GRF4G', 'TIG10', 'TIG64', 'CAEN', 'MADC!' && 'V1190'!
Warning, digitizer type '' not recognized, options are 'GRF16', 'FMC32', 'GRF4G', 'TIG10', 'TIG64', 'CAEN', 'MADC!' && 'V1190'!
Warning, digitizer type '' not recognized, options are 'GRF16', 'FMC32', 'GRF4G', 'TIG10', 'TIG64', 'CAEN', 'MADC!' && 'V1190'!
Warning, digitizer type '' not recognized, options are 'GRF16', 'FMC32', 'GRF4G', 'TIG10', 'TIG64', 'CAEN', 'MADC!' && 'V1190'!
Warning, digitizer type '' not recognized, options are 'GRF16', 'FMC32', 'GRF4G', 'TIG10', 'TIG64', 'CAEN', 'MADC!' && 'V1190'!
Warning, digitizer type '' not recognized, options are 'GRF16', 'FMC32', 'GRF4G', 'TIG10', 'TIG64', 'CAEN', 'MADC!' && 'V1190'!
Warning, digitizer type '' not recognized, options are 'GRF16', 'FMC32', 'GRF4G', 'TIG10', 'TIG64', 'CAEN', 'MADC!' && 'V1190'!
Warning, digitizer type '' not recognized, options are 'GRF16', 'FMC32', 'GRF4G', 'TIG10', 'TIG64', 'CAEN', 'MADC!' && 'V1190'!
Warning, digitizer type '' not recognized, options are 'GRF16', 'FMC32', 'GRF4G', 'TIG10', 'TIG64', 'CAEN', 'MADC!' && 'V1190'!
Warning, digitizer type '' not recognized, options are 'GRF16', 'FMC32', 'GRF4G', 'TIG10', 'TIG64', 'CAEN', 'MADC!' && 'V1190'!
  96 TChannels saved to RCMP66666_000.root
Closed 'RCMP66666_000.root'

Done after 0:00:30.048 h:m:s
