Reading from file "[1;36m/home/emile/postdoc/data/s2232/sorted/analysis/analysis28300_001.root[m": adding TRunInfo 
Successfully read 910 TChannels from [1;36m/home/emile/postdoc/data/s2232/sorted/analysis/analysis28300_001.root[m
Reading from file "[1;36m/home/emile/postdoc/data/s2232/sorted/analysis/analysis28300_002.root[m": adding TRunInfo 
Successfully read 910 TChannels from [1;36m/home/emile/postdoc/data/s2232/sorted/analysis/analysis28300_002.root[m
Reading from file "[1;36m/home/emile/postdoc/data/s2232/sorted/analysis/analysis28300_003.root[m": adding TRunInfo 
Successfully read 910 TChannels from [1;36m/home/emile/postdoc/data/s2232/sorted/analysis/analysis28300_003.root[m
Reading from file "[1;36m/home/emile/postdoc/data/s2232/sorted/analysis/analysis28300_004.root[m": adding TRunInfo 
Successfully read 910 TChannels from [1;36m/home/emile/postdoc/data/s2232/sorted/analysis/analysis28300_004.root[m
Reading from file "[1;36m/home/emile/postdoc/data/s2232/sorted/analysis/analysis28300_005.root[m": adding TRunInfo 
Successfully read 910 TChannels from [1;36m/home/emile/postdoc/data/s2232/sorted/analysis/analysis28300_005.root[m
Reading from file "[1;36m/home/emile/postdoc/data/s2232/sorted/analysis/analysis28300_006.root[m": adding TRunInfo 
Successfully read 910 TChannels from [1;36m/home/emile/postdoc/data/s2232/sorted/analysis/analysis28300_006.root[m
Reading from file "[1;36m/home/emile/postdoc/data/s2232/sorted/analysis/analysis28300_007.root[m": adding TRunInfo 
Successfully read 910 TChannels from [1;36m/home/emile/postdoc/data/s2232/sorted/analysis/analysis28300_007.root[m
Reading from file "[1;36m/home/emile/postdoc/data/s2232/sorted/analysis/analysis28300_008.root[m": adding TRunInfo 
Successfully read 910 TChannels from [1;36m/home/emile/postdoc/data/s2232/sorted/analysis/analysis28300_008.root[m
Reading from file "[1;36m/home/emile/postdoc/data/s2232/sorted/analysis/analysis28300_009.root[m": adding TRunInfo 
Successfully read 910 TChannels from [1;36m/home/emile/postdoc/data/s2232/sorted/analysis/analysis28300_009.root[m
Reading from file "[1;36m/home/emile/postdoc/data/s2232/sorted/analysis/analysis28300_010.root[m": adding TRunInfo 
Successfully read 910 TChannels from [1;36m/home/emile/postdoc/data/s2232/sorted/analysis/analysis28300_010.root[m
Reading from file "[1;36m/home/emile/postdoc/data/s2232/sorted/analysis/analysis28300_011.root[m": adding TRunInfo 
Successfully read 910 TChannels from [1;36m/home/emile/postdoc/data/s2232/sorted/analysis/analysis28300_011.root[m
Reading from file "[1;36m/home/emile/postdoc/data/s2232/sorted/analysis/analysis28300_012.root[m": adding TRunInfo 
Successfully read 910 TChannels from [1;36m/home/emile/postdoc/data/s2232/sorted/analysis/analysis28300_012.root[m
Reading from file "[1;36m/home/emile/postdoc/data/s2232/sorted/analysis/analysis28300_013.root[m": adding TRunInfo 
Successfully read 910 TChannels from [1;36m/home/emile/postdoc/data/s2232/sorted/analysis/analysis28300_013.root[m
Reading from file "[1;36m/home/emile/postdoc/data/s2232/sorted/analysis/analysis28300_014.root[m": adding TRunInfo 
Successfully read 910 TChannels from [1;36m/home/emile/postdoc/data/s2232/sorted/analysis/analysis28300_014.root[m
Reading from file "[1;36m/home/emile/postdoc/data/s2232/sorted/analysis/analysis28300_015.root[m": adding TRunInfo 
Successfully read 910 TChannels from [1;36m/home/emile/postdoc/data/s2232/sorted/analysis/analysis28300_015.root[m
Reading from file "[1;36m/home/emile/postdoc/data/s2232/sorted/analysis/analysis28300_016.root[m": adding TRunInfo 
Successfully read 910 TChannels from [1;36m/home/emile/postdoc/data/s2232/sorted/analysis/analysis28300_016.root[m
Looped over 17/17 files and got:
Singleton 0x5c83e340b180 was read from /home/emile/postdoc/data/s2232/sorted/analysis/analysis28300_016.root
Title: 
Comment: 
		RunNumbers:         28300-28300
		Missing runs:       none
		Combined RunLength: 3446 s
ODB cycle: 60 s
Code   Duration
0xc001 55000000
0xc004 5000000
[0;36mshared library /home/emile/postdoc/analysis/s2232/helper/rcmp/RCMPHelper.so exists and is newer than /home/emile/postdoc/analysis/s2232/helper/rcmp/RCMPHelper.cxx, /home/emile/postdoc/analysis/s2232/helper/rcmp/RCMPHelper.hh, and $GRSISYS/lib/libTGRSIFrame.so[m
	Using library /home/emile/postdoc/analysis/s2232/helper/rcmp/RCMPHelper.so
No g-values!
