Successfully read 910 TChannels from [1;36m/home/emile/postdoc/data/s2232/sorted/analysis/analysis28262_000.root[m
Reading from file "[1;36m/home/emile/postdoc/data/s2232/sorted/analysis/analysis28262_001.root[m": adding TRunInfo 
Successfully read 910 TChannels from [1;36m/home/emile/postdoc/data/s2232/sorted/analysis/analysis28262_001.root[m
Looped over 2/2 files and got:
Singleton 0x630b2f8237b0 was read from /home/emile/postdoc/data/s2232/sorted/analysis/analysis28262_001.root
Title: Test_20Mg
Comment: Test_20Mg
		RunNumber:          28262
		SubRunNumbers:      000-001
		RunStart:           Thu Jul 11 18:56:04 2024
		RunStop:            Thu Jul 11 19:07:10 2024
		RunLength:          666 s
ODB cycle: 6 s
Code   Duration
0xc001 1000000
0xc004 5000000
[0;36m----------  starting compilation of user code  ----------[m
[0;36m----------  starting linking user code  -----------------[m
[0;36m----------  done compiling user code  -------------------[m
	Using library /home/emile/postdoc/analysis/s2232/backup/sydney_codes/RCMPHelper.so
No g-values!
Writing to RCMP28262_000-001.root
Writing PPG with 222 events and 2 ODB settings
Writing TAnalysisOptions to RCMP28262_000-001.root
  910 TChannels saved to RCMP28262_000-001.root
Closed 'RCMP28262_000-001.root'

Done after 0:00:43.211 h:m:s
