Successfully read 910 TChannels from [1;36m/home/emile/postdoc/data/s2232/sorted/analysis/analysis28294_000.root[m
Reading from file "[1;36m/home/emile/postdoc/data/s2232/sorted/analysis/analysis28294_001.root[m": adding TRunInfo 
Successfully read 910 TChannels from [1;36m/home/emile/postdoc/data/s2232/sorted/analysis/analysis28294_001.root[m
Reading from file "[1;36m/home/emile/postdoc/data/s2232/sorted/analysis/analysis28294_002.root[m": adding TRunInfo 
Successfully read 910 TChannels from [1;36m/home/emile/postdoc/data/s2232/sorted/analysis/analysis28294_002.root[m
Reading from file "[1;36m/home/emile/postdoc/data/s2232/sorted/analysis/analysis28294_003.root[m": adding TRunInfo 
Successfully read 910 TChannels from [1;36m/home/emile/postdoc/data/s2232/sorted/analysis/analysis28294_003.root[m
Looped over 4/4 files and got:
Singleton 0x59ce6afa3710 was read from /home/emile/postdoc/data/s2232/sorted/analysis/analysis28294_003.root
Title: 20Mg_cycle-55sbeamson_5s-beam-off 
Comment: 20Mg_cycle-55sbeamson_5s-beam-off 
		RunNumber:          28294
		SubRunNumbers:      000-003
		RunStart:           Sat Jul 13 00:42:03 2024
		RunStop:            Sat Jul 13 00:59:27 2024
		RunLength:          1044 s
ODB cycle: 60 s
Code   Duration
0xc001 55000000
0xc004 5000000
[0;36mshared library /home/emile/postdoc/analysis/s2232/helper/rcmp/RCMPHelper.so exists and is newer than /home/emile/postdoc/analysis/s2232/helper/rcmp/RCMPHelper.cxx, /home/emile/postdoc/analysis/s2232/helper/rcmp/RCMPHelper.hh, and $GRSISYS/lib/libTGRSIFrame.so[m
	Using library /home/emile/postdoc/analysis/s2232/helper/rcmp/RCMPHelper.so
No g-values!
Writing to RCMP28294_000-003.root
Writing PPG with 35 events and 2 ODB settings
Writing TAnalysisOptions to RCMP28294_000-003.root
  910 TChannels saved to RCMP28294_000-003.root
Closed 'RCMP28294_000-003.root'

Done after 0:00:42.051 h:m:s
