Successfully read 910 TChannels from [1;36m/home/emile/postdoc/data/s2232/sorted/analysis/analysis28330_000.root[m
Reading from file "[1;36m/home/emile/postdoc/data/s2232/sorted/analysis/analysis28330_001.root[m": adding TRunInfo 
Successfully read 910 TChannels from [1;36m/home/emile/postdoc/data/s2232/sorted/analysis/analysis28330_001.root[m
Reading from file "[1;36m/home/emile/postdoc/data/s2232/sorted/analysis/analysis28330_002.root[m": adding TRunInfo 
Successfully read 910 TChannels from [1;36m/home/emile/postdoc/data/s2232/sorted/analysis/analysis28330_002.root[m
Reading from file "[1;36m/home/emile/postdoc/data/s2232/sorted/analysis/analysis28330_003.root[m": adding TRunInfo 
Successfully read 910 TChannels from [1;36m/home/emile/postdoc/data/s2232/sorted/analysis/analysis28330_003.root[m
Reading from file "[1;36m/home/emile/postdoc/data/s2232/sorted/analysis/analysis28330_004.root[m": adding TRunInfo 
Successfully read 910 TChannels from [1;36m/home/emile/postdoc/data/s2232/sorted/analysis/analysis28330_004.root[m
Reading from file "[1;36m/home/emile/postdoc/data/s2232/sorted/analysis/analysis28330_005.root[m": adding TRunInfo 
Successfully read 910 TChannels from [1;36m/home/emile/postdoc/data/s2232/sorted/analysis/analysis28330_005.root[m
Looped over 6/6 files and got:
Singleton 0x5634b81ea7d0 was read from /home/emile/postdoc/data/s2232/sorted/analysis/analysis28330_005.root
Title: 20Mg (20Mg_long = 55s on, 5s off)
Comment: 20Mg (20Mg_long = 55s on, 5s off)
		RunNumber:          28330
		SubRunNumbers:      000-005
		RunStart:           Sun Jul 14 05:04:05 2024
		RunStop:            Sun Jul 14 05:43:30 2024
		RunLength:          2365 s
ODB cycle: 60 s
Code   Duration
0xc001 55000000
0xc004 5000000
[0;36mshared library /home/emile/postdoc/analysis/s2232/helper/rcmp/RCMPHelper.so exists and is newer than /home/emile/postdoc/analysis/s2232/helper/rcmp/RCMPHelper.cxx, /home/emile/postdoc/analysis/s2232/helper/rcmp/RCMPHelper.hh, and $GRSISYS/lib/libTGRSIFrame.so[m
	Using library /home/emile/postdoc/analysis/s2232/helper/rcmp/RCMPHelper.so
No g-values!
Writing to RCMP28330_000-005.root
Writing PPG with 79 events and 2 ODB settings
Writing TAnalysisOptions to RCMP28330_000-005.root
  910 TChannels saved to RCMP28330_000-005.root
Closed 'RCMP28330_000-005.root'

Done after 0:00:45.378 h:m:s
