Successfully read 910 TChannels from [1;36m/home/emile/postdoc/data/s2232/sorted/analysis/analysis28381_000.root[m
Reading from file "[1;36m/home/emile/postdoc/data/s2232/sorted/analysis/analysis28381_001.root[m": adding TRunInfo 
Successfully read 910 TChannels from [1;36m/home/emile/postdoc/data/s2232/sorted/analysis/analysis28381_001.root[m
Reading from file "[1;36m/home/emile/postdoc/data/s2232/sorted/analysis/analysis28381_002.root[m": adding TRunInfo 
Successfully read 910 TChannels from [1;36m/home/emile/postdoc/data/s2232/sorted/analysis/analysis28381_002.root[m
Reading from file "[1;36m/home/emile/postdoc/data/s2232/sorted/analysis/analysis28381_003.root[m": adding TRunInfo 
Successfully read 910 TChannels from [1;36m/home/emile/postdoc/data/s2232/sorted/analysis/analysis28381_003.root[m
Looped over 4/4 files and got:
Singleton 0x6197f2d8b560 was read from /home/emile/postdoc/data/s2232/sorted/analysis/analysis28381_003.root
Title: RCMP_Channel_mapping_RCS06_RCS05
Comment: RCMP_Channel_mapping_RCS06_RCS05
		RunNumber:          28381
		SubRunNumbers:      000-003
		RunStart:           Fri Jul 19 18:31:59 2024
		RunStop:            Fri Jul 19 21:31:59 2024
		RunLength:          10800 s
ODB cycle: 0 s
Code   Duration
0xc0f0 -1
0x0000 0
0x0000 0
0x0000 0
[0;36mshared library /home/emile/postdoc/analysis/s2232/helper/rcmp/RCMPHelper.so exists and is newer than /home/emile/postdoc/analysis/s2232/helper/rcmp/RCMPHelper.cxx, /home/emile/postdoc/analysis/s2232/helper/rcmp/RCMPHelper.hh, and $GRSISYS/lib/libTGRSIFrame.so[m
	Using library /home/emile/postdoc/analysis/s2232/helper/rcmp/RCMPHelper.so
No g-values!
Writing to RCMP28381_000-003.root
Writing PPG with 3 events and 4 ODB settings
Writing TAnalysisOptions to RCMP28381_000-003.root
  910 TChannels saved to RCMP28381_000-003.root
Closed 'RCMP28381_000-003.root'

Done after 0:00:21.425 h:m:s
